../Drivers/STM32F1xx_HAL_Driver/Inc/stm32f1xx_ll_rtc.h:339:22:LL_RTC_EnableWriteProtection	16	static
../Drivers/STM32F1xx_HAL_Driver/Inc/stm32f1xx_ll_rtc.h:350:22:LL_RTC_DisableWriteProtection	16	static
../Drivers/STM32F1xx_HAL_Driver/Inc/stm32f1xx_ll_rtc.h:373:22:LL_RTC_TIME_Set	16	static
../Drivers/STM32F1xx_HAL_Driver/Inc/stm32f1xx_ll_rtc.h:388:26:LL_RTC_TIME_Get	24	static
../Drivers/STM32F1xx_HAL_Driver/Inc/stm32f1xx_ll_rtc.h:414:22:LL_RTC_ALARM_Set	16	static
../Drivers/STM32F1xx_HAL_Driver/Inc/stm32f1xx_ll_rtc.h:430:26:LL_RTC_ALARM_Get	24	static
../Drivers/STM32F1xx_HAL_Driver/Inc/stm32f1xx_ll_rtc.h:821:22:LL_RTC_EnableIT_ALR	16	static
../Drivers/STM32F1xx_HAL_Driver/Inc/stm32f1xx_ll_rtc.h:833:22:LL_RTC_DisableIT_ALR	16	static
../Core/Inc/Libraries/RTC_CONF/RTC_CONF.c:10:6:TIME_UTC_Offset	16	static
../Core/Inc/Libraries/RTC_CONF/RTC_CONF.c:13:6:TIME_Config	24	static
../Core/Inc/Libraries/RTC_CONF/RTC_CONF.c:20:6:TIME_GET	32	static
../Core/Inc/Libraries/RTC_CONF/RTC_CONF.c:34:6:TIME_GET_GMT	32	static
../Core/Inc/Libraries/RTC_CONF/RTC_CONF.c:49:6:ALARM_Config	32	static
../Core/Inc/Libraries/RTC_CONF/RTC_CONF.c:62:6:ALARM_PlusM	16	static
../Core/Inc/Libraries/RTC_CONF/RTC_CONF.c:71:10:Monthcall	24	static
../Core/Inc/Libraries/RTC_CONF/RTC_CONF.c:81:10:Daycall	24	static
