../Drivers/STM32F1xx_HAL_Driver/Inc/stm32f1xx_ll_rtc.h:276:22:LL_RTC_SetAsynchPrescaler	1
../Drivers/STM32F1xx_HAL_Driver/Inc/stm32f1xx_ll_rtc.h:339:22:LL_RTC_EnableWriteProtection	1
../Drivers/STM32F1xx_HAL_Driver/Inc/stm32f1xx_ll_rtc.h:350:22:LL_RTC_DisableWriteProtection	1
../Drivers/STM32F1xx_HAL_Driver/Inc/stm32f1xx_ll_rtc.h:373:22:LL_RTC_TIME_Set	1
../Drivers/STM32F1xx_HAL_Driver/Inc/stm32f1xx_ll_rtc.h:388:26:LL_RTC_TIME_Get	1
../Drivers/STM32F1xx_HAL_Driver/Inc/stm32f1xx_ll_bus.h:445:22:LL_APB1_GRP1_EnableClock	1
../Drivers/STM32F1xx_HAL_Driver/Inc/stm32f1xx_ll_rcc.h:1327:22:LL_RCC_EnableRTC	1
../Drivers/STM32F1xx_HAL_Driver/Inc/stm32f1xx_ll_pwr.h:164:22:LL_PWR_EnableBkUpAccess	1
../Core/Src/main.c:132:5:main	4
../Core/Src/main.c:242:6:SystemClock_Config	4
../Core/Src/main.c:290:13:MX_ADC1_Init	3
../Core/Src/main.c:337:13:MX_I2C2_Init	2
../Core/Src/main.c:371:13:MX_RTC_Init	1
../Core/Src/main.c:414:13:MX_SPI1_Init	2
../Core/Src/main.c:452:13:MX_USART1_UART_Init	2
../Core/Src/main.c:485:13:MX_GPIO_Init	1
../Core/Src/main.c:532:6:UPDATE_JSON	1
../Core/Src/main.c:547:6:RTC_NTP_sync	2
../Core/Src/main.c:569:1:__io_putchar	1
../Core/Src/main.c:577:6:network_init	1
../Core/Src/main.c:601:6:Error_Handler	1
