Archive member included to satisfy reference by file (symbol)

C:/ST/STM32CubeIDE_1.13.0/STM32CubeIDE/plugins/com.st.stm32cube.ide.mcu.externaltools.gnu-tools-for-stm32.11.3.rel1.win32_1.1.0.202305231506/tools/bin/../lib/gcc/arm-none-eabi/11.3.1/../../../../arm-none-eabi/lib/thumb/v7-m/nofp\libc_nano.a(libc_a-atoi.o)
                              ./Core/Inc/Libraries/HTTP/HTTP.o (atoi)
C:/ST/STM32CubeIDE_1.13.0/STM32CubeIDE/plugins/com.st.stm32cube.ide.mcu.externaltools.gnu-tools-for-stm32.11.3.rel1.win32_1.1.0.202305231506/tools/bin/../lib/gcc/arm-none-eabi/11.3.1/../../../../arm-none-eabi/lib/thumb/v7-m/nofp\libc_nano.a(libc_a-exit.o)
                              C:/ST/STM32CubeIDE_1.13.0/STM32CubeIDE/plugins/com.st.stm32cube.ide.mcu.externaltools.gnu-tools-for-stm32.11.3.rel1.win32_1.1.0.202305231506/tools/bin/../lib/gcc/arm-none-eabi/11.3.1/../../../../arm-none-eabi/lib/thumb/v7-m/nofp/crt0.o (exit)
C:/ST/STM32CubeIDE_1.13.0/STM32CubeIDE/plugins/com.st.stm32cube.ide.mcu.externaltools.gnu-tools-for-stm32.11.3.rel1.win32_1.1.0.202305231506/tools/bin/../lib/gcc/arm-none-eabi/11.3.1/../../../../arm-none-eabi/lib/thumb/v7-m/nofp\libc_nano.a(libc_a-itoa.o)
                              ./Core/Inc/Libraries/HTTP/HTTP.o (itoa)
C:/ST/STM32CubeIDE_1.13.0/STM32CubeIDE/plugins/com.st.stm32cube.ide.mcu.externaltools.gnu-tools-for-stm32.11.3.rel1.win32_1.1.0.202305231506/tools/bin/../lib/gcc/arm-none-eabi/11.3.1/../../../../arm-none-eabi/lib/thumb/v7-m/nofp\libc_nano.a(libc_a-malloc.o)
                              ./Core/Inc/Libraries/cJSON/cJSON.o (malloc)
C:/ST/STM32CubeIDE_1.13.0/STM32CubeIDE/plugins/com.st.stm32cube.ide.mcu.externaltools.gnu-tools-for-stm32.11.3.rel1.win32_1.1.0.202305231506/tools/bin/../lib/gcc/arm-none-eabi/11.3.1/../../../../arm-none-eabi/lib/thumb/v7-m/nofp\libc_nano.a(libc_a-mallocr.o)
                              C:/ST/STM32CubeIDE_1.13.0/STM32CubeIDE/plugins/com.st.stm32cube.ide.mcu.externaltools.gnu-tools-for-stm32.11.3.rel1.win32_1.1.0.202305231506/tools/bin/../lib/gcc/arm-none-eabi/11.3.1/../../../../arm-none-eabi/lib/thumb/v7-m/nofp\libc_nano.a(libc_a-malloc.o) (_malloc_r)
C:/ST/STM32CubeIDE_1.13.0/STM32CubeIDE/plugins/com.st.stm32cube.ide.mcu.externaltools.gnu-tools-for-stm32.11.3.rel1.win32_1.1.0.202305231506/tools/bin/../lib/gcc/arm-none-eabi/11.3.1/../../../../arm-none-eabi/lib/thumb/v7-m/nofp\libc_nano.a(libc_a-mlock.o)
                              C:/ST/STM32CubeIDE_1.13.0/STM32CubeIDE/plugins/com.st.stm32cube.ide.mcu.externaltools.gnu-tools-for-stm32.11.3.rel1.win32_1.1.0.202305231506/tools/bin/../lib/gcc/arm-none-eabi/11.3.1/../../../../arm-none-eabi/lib/thumb/v7-m/nofp\libc_nano.a(libc_a-mallocr.o) (__malloc_lock)
C:/ST/STM32CubeIDE_1.13.0/STM32CubeIDE/plugins/com.st.stm32cube.ide.mcu.externaltools.gnu-tools-for-stm32.11.3.rel1.win32_1.1.0.202305231506/tools/bin/../lib/gcc/arm-none-eabi/11.3.1/../../../../arm-none-eabi/lib/thumb/v7-m/nofp\libc_nano.a(libc_a-realloc.o)
                              ./Core/Inc/Libraries/cJSON/cJSON.o (realloc)
C:/ST/STM32CubeIDE_1.13.0/STM32CubeIDE/plugins/com.st.stm32cube.ide.mcu.externaltools.gnu-tools-for-stm32.11.3.rel1.win32_1.1.0.202305231506/tools/bin/../lib/gcc/arm-none-eabi/11.3.1/../../../../arm-none-eabi/lib/thumb/v7-m/nofp\libc_nano.a(libc_a-reallocr.o)
                              C:/ST/STM32CubeIDE_1.13.0/STM32CubeIDE/plugins/com.st.stm32cube.ide.mcu.externaltools.gnu-tools-for-stm32.11.3.rel1.win32_1.1.0.202305231506/tools/bin/../lib/gcc/arm-none-eabi/11.3.1/../../../../arm-none-eabi/lib/thumb/v7-m/nofp\libc_nano.a(libc_a-realloc.o) (_realloc_r)
C:/ST/STM32CubeIDE_1.13.0/STM32CubeIDE/plugins/com.st.stm32cube.ide.mcu.externaltools.gnu-tools-for-stm32.11.3.rel1.win32_1.1.0.202305231506/tools/bin/../lib/gcc/arm-none-eabi/11.3.1/../../../../arm-none-eabi/lib/thumb/v7-m/nofp\libc_nano.a(libc_a-strtod.o)
                              ./Core/Inc/Libraries/cJSON/cJSON.o (strtod)
C:/ST/STM32CubeIDE_1.13.0/STM32CubeIDE/plugins/com.st.stm32cube.ide.mcu.externaltools.gnu-tools-for-stm32.11.3.rel1.win32_1.1.0.202305231506/tools/bin/../lib/gcc/arm-none-eabi/11.3.1/../../../../arm-none-eabi/lib/thumb/v7-m/nofp\libc_nano.a(libc_a-strtol.o)
                              C:/ST/STM32CubeIDE_1.13.0/STM32CubeIDE/plugins/com.st.stm32cube.ide.mcu.externaltools.gnu-tools-for-stm32.11.3.rel1.win32_1.1.0.202305231506/tools/bin/../lib/gcc/arm-none-eabi/11.3.1/../../../../arm-none-eabi/lib/thumb/v7-m/nofp\libc_nano.a(libc_a-atoi.o) (_strtol_r)
C:/ST/STM32CubeIDE_1.13.0/STM32CubeIDE/plugins/com.st.stm32cube.ide.mcu.externaltools.gnu-tools-for-stm32.11.3.rel1.win32_1.1.0.202305231506/tools/bin/../lib/gcc/arm-none-eabi/11.3.1/../../../../arm-none-eabi/lib/thumb/v7-m/nofp\libc_nano.a(libc_a-utoa.o)
[...]
Memory Configuration

Name             Origin             Length             Attributes
RAM              0x0000000020000000 0x0000000000005000 xrw
FLASH            0x0000000008000000 0x0000000000020000 xr
*default*        0x0000000000000000 0xffffffffffffffff

Linker script and memory map

LOAD C:/ST/STM32CubeIDE_1.13.0/STM32CubeIDE/plugins/com.st.stm32cube.ide.mcu.externaltools.gnu-tools-for-stm32.11.3.rel1.win32_1.1.0.202305231506/tools/bin/../lib/gcc/arm-none-eabi/11.3.1/thumb/v7-m/nofp/crti.o
LOAD C:/ST/STM32CubeIDE_1.13.0/STM32CubeIDE/plugins/com.st.stm32cube.ide.mcu.externaltools.gnu-tools-for-stm32.11.3.rel1.win32_1.1.0.202305231506/tools/bin/../lib/gcc/arm-none-eabi/11.3.1/thumb/v7-m/nofp/crtbegin.o
LOAD C:/ST/STM32CubeIDE_1.13.0/STM32CubeIDE/plugins/com.st.stm32cube.ide.mcu.externaltools.gnu-tools-for-stm32.11.3.rel1.win32_1.1.0.202305231506/tools/bin/../lib/gcc/arm-none-eabi/11.3.1/../../../../arm-none-eabi/lib/thumb/v7-m/nofp/crt0.o
LOAD ./Core/Inc/Libraries/AHT20/AHT20.o
LOAD ./Core/Inc/Libraries/DNS/dns.o
LOAD ./Core/Inc/Libraries/HTTP/HTTP.o
LOAD ./Core/Inc/Libraries/RTC_CONF/RTC_CONF.o
LOAD ./Core/Inc/Libraries/SNTP/sntp.o
LOAD ./Core/Inc/Libraries/W5500/W5500_SPI.o
LOAD ./Core/Inc/Libraries/W5500/socket.o
LOAD ./Core/Inc/Libraries/W5500/w5500.o
LOAD ./Core/Inc/Libraries/W5500/wizchip_conf.o
LOAD ./Core/Inc/Libraries/cJSON/cJSON.o
LOAD ./Core/Inc/Libraries/cJSON/cJSON_Utils.o
LOAD ./Core/Src/main.o
LOAD ./Core/Src/stm32f1xx_hal_msp.o
LOAD ./Core/Src/stm32f1xx_it.o
LOAD ./Core/Src/syscalls.o
LOAD ./Core/Src/sysmem.o
LOAD ./Core/Src/system_stm32f1xx.o
LOAD ./Core/Startup/startup_stm32f103cbtx.o
LOAD ./Drivers/STM32F1xx_HAL_Driver/Src/stm32f1xx_hal.o
LOAD ./Drivers/STM32F1xx_HAL_Driver/Src/stm32f1xx_hal_adc.o
LOAD ./Drivers/STM32F1xx_HAL_Driver/Src/stm32f1xx_hal_adc_ex.o
LOAD ./Drivers/STM32F1xx_HAL_Driver/Src/stm32f1xx_hal_cortex.o
LOAD ./Drivers/STM32F1xx_HAL_Driver/Src/stm32f1xx_hal_dma.o
LOAD ./Drivers/STM32F1xx_HAL_Driver/Src/stm32f1xx_hal_exti.o
LOAD ./Drivers/STM32F1xx_HAL_Driver/Src/stm32f1xx_hal_flash.o
LOAD ./Drivers/STM32F1xx_HAL_Driver/Src/stm32f1xx_hal_flash_ex.o
LOAD ./Drivers/STM32F1xx_HAL_Driver/Src/stm32f1xx_hal_gpio.o
LOAD ./Drivers/STM32F1xx_HAL_Driver/Src/stm32f1xx_hal_gpio_ex.o
LOAD ./Drivers/STM32F1xx_HAL_Driver/Src/stm32f1xx_hal_i2c.o
LOAD ./Drivers/STM32F1xx_HAL_Driver/Src/stm32f1xx_hal_pwr.o
LOAD ./Drivers/STM32F1xx_HAL_Driver/Src/stm32f1xx_hal_rcc.o
LOAD ./Drivers/STM32F1xx_HAL_Driver/Src/stm32f1xx_hal_rcc_ex.o
LOAD ./Drivers/STM32F1xx_HAL_Driver/Src/stm32f1xx_hal_spi.o
LOAD ./Drivers/STM32F1xx_HAL_Driver/Src/stm32f1xx_hal_tim.o
LOAD ./Drivers/STM32F1xx_HAL_Driver/Src/stm32f1xx_hal_tim_ex.o
LOAD ./Drivers/STM32F1xx_HAL_Driver/Src/stm32f1xx_hal_uart.o
LOAD ./Drivers/STM32F1xx_HAL_Driver/Src/stm32f1xx_ll_exti.o
LOAD ./Drivers/STM32F1xx_HAL_Driver/Src/stm32f1xx_ll_gpio.o
LOAD ./Drivers/STM32F1xx_HAL_Driver/Src/stm32f1xx_ll_rcc.o
LOAD ./Drivers/STM32F1xx_HAL_Driver/Src/stm32f1xx_ll_rtc.o
LOAD ./Drivers/STM32F1xx_HAL_Driver/Src/stm32f1xx_ll_utils.o
START GROUP
LOAD C:/ST/STM32CubeIDE_1.13.0/STM32CubeIDE/plugins/com.st.stm32cube.ide.mcu.externaltools.gnu-tools-for-stm32.11.3.rel1.win32_1.1.0.202305231506/tools/bin/../lib/gcc/arm-none-eabi/11.3.1/../../../../arm-none-eabi/lib/thumb/v7-m/nofp\libc_nano.a
LOAD C:/ST/STM32CubeIDE_1.13.0/STM32CubeIDE/plugins/com.st.stm32cube.ide.mcu.externaltools.gnu-tools-for-stm32.11.3.rel1.win32_1.1.0.202305231506/tools/bin/../lib/gcc/arm-none-eabi/11.3.1/../../../../arm-none-eabi/lib/thumb/v7-m/nofp\libm.a
END GROUP
START GROUP
LOAD C:/ST/STM32CubeIDE_1.13.0/STM32CubeIDE/plugins/com.st.stm32cube.ide.mcu.externaltools.gnu-tools-for-stm32.11.3.rel1.win32_1.1.0.202305231506/tools/bin/../lib/gcc/arm-none-eabi/11.3.1/thumb/v7-m/nofp\libgcc.a
LOAD C:/ST/STM32CubeIDE_1.13.0/STM32CubeIDE/plugins/com.st.stm32cube.ide.mcu.externaltools.gnu-tools-for-stm32.11.3.rel1.win32_1.1.0.202305231506/tools/bin/../lib/gcc/arm-none-eabi/11.3.1/../../../../arm-none-eabi/lib/thumb/v7-m/nofp\libc_nano.a
END GROUP
START GROUP
LOAD C:/ST/STM32CubeIDE_1.13.0/STM32CubeIDE/plugins/com.st.stm32cube.ide.mcu.externaltools.gnu-tools-for-stm32.11.3.rel1.win32_1.1.0.202305231506/tools/bin/../lib/gcc/arm-none-eabi/11.3.1/thumb/v7-m/nofp\libgcc.a
LOAD C:/ST/STM32CubeIDE_1.13.0/STM32CubeIDE/plugins/com.st.stm32cube.ide.mcu.externaltools.gnu-tools-for-stm32.11.3.rel1.win32_1.1.0.202305231506/tools/bin/../lib/gcc/arm-none-eabi/11.3.1/../../../../arm-none-eabi/lib/thumb/v7-m/nofp\libc_nano.a
LOAD C:/ST/STM32CubeIDE_1.13.0/STM32CubeIDE/plugins/com.st.stm32cube.ide.mcu.externaltools.gnu-tools-for-stm32.11.3.rel1.win32_1.1.0.202305231506/tools/bin/../lib/gcc/arm-none-eabi/11.3.1/../../../../arm-none-eabi/lib/thumb/v7-m/nofp\libnosys.a
END GROUP
START GROUP
LOAD C:/ST/STM32CubeIDE_1.13.0/STM32CubeIDE/plugins/com.st.stm32cube.ide.mcu.externaltools.gnu-tools-for-stm32.11.3.rel1.win32_1.1.0.202305231506/tools/bin/../lib/gcc/arm-none-eabi/11.3.1/thumb/v7-m/nofp\libgcc.a
LOAD C:/ST/STM32CubeIDE_1.13.0/STM32CubeIDE/plugins/com.st.stm32cube.ide.mcu.externaltools.gnu-tools-for-stm32.11.3.rel1.win32_1.1.0.202305231506/tools/bin/../lib/gcc/arm-none-eabi/11.3.1/../../../../arm-none-eabi/lib/thumb/v7-m/nofp\libc_nano.a
LOAD C:/ST/STM32CubeIDE_1.13.0/STM32CubeIDE/plugins/com.st.stm32cube.ide.mcu.externaltools.gnu-tools-for-stm32.11.3.rel1.win32_1.1.0.202305231506/tools/bin/../lib/gcc/arm-none-eabi/11.3.1/../../../../arm-none-eabi/lib/thumb/v7-m/nofp\libnosys.a
END GROUP
LOAD C:/ST/STM32CubeIDE_1.13.0/STM32CubeIDE/plugins/com.st.stm32cube.ide.mcu.externaltools.gnu-tools-for-stm32.11.3.rel1.win32_1.1.0.202305231506/tools/bin/../lib/gcc/arm-none-eabi/11.3.1/thumb/v7-m/nofp/crtend.o
LOAD C:/ST/STM32CubeIDE_1.13.0/STM32CubeIDE/plugins/com.st.stm32cube.ide.mcu.externaltools.gnu-tools-for-stm32.11.3.rel1.win32_1.1.0.202305231506/tools/bin/../lib/gcc/arm-none-eabi/11.3.1/thumb/v7-m/nofp/crtn.o
                0x0000000020005000                _estack = (ORIGIN (RAM) + LENGTH (RAM))
                0x0000000000000200                _Min_Heap_Size = 0x200
                0x0000000000000400                _Min_Stack_Size = 0x400

.isr_vector     0x0000000008000000      0x10c
                0x0000000008000000                . = ALIGN (0x4)
 *(.isr_vector)
 .isr_vector    0x0000000008000000      0x10c ./Core/Startup/startup_stm32f103cbtx.o
                0x0000000008000000                g_pfnVectors
                0x000000000800010c                . = ALIGN (0x4)

.text           0x0000000008000110     0xe9a4
                0x0000000008000110                . = ALIGN (0x4)
 *(.text)
 .text          0x0000000008000110       0x40 C:/ST/STM32CubeIDE_1.13.0/STM32CubeIDE/plugins/com.st.stm32cube.ide.mcu.externaltools.gnu-tools-for-stm32.11.3.rel1.win32_1.1.0.202305231506/tools/bin/../lib/gcc/arm-none-eabi/11.3.1/thumb/v7-m/nofp/crtbegin.o
 .text          0x0000000008000150       0x10 C:/ST/STM32CubeIDE_1.13.0/STM32CubeIDE/plugins/com.st.stm32cube.ide.mcu.externaltools.gnu-tools-for-stm32.11.3.rel1.win32_1.1.0.202305231506/tools/bin/../lib/gcc/arm-none-eabi/11.3.1/../../../../arm-none-eabi/lib/thumb/v7-m/nofp\libc_nano.a(libc_a-strlen.o)
                0x0000000008000150                strlen
 .text          0x0000000008000160      0x378 C:/ST/STM32CubeIDE_1.13.0/STM32CubeIDE/plugins/com.st.stm32cube.ide.mcu.externaltools.gnu-tools-for-stm32.11.3.rel1.win32_1.1.0.202305231506/tools/bin/../lib/gcc/arm-none-eabi/11.3.1/thumb/v7-m/nofp\libgcc.a(_arm_addsubdf3.o)
                0x0000000008000160                __aeabi_drsub
                0x0000000008000168                __aeabi_dsub
                0x0000000008000168                __subdf3
                0x000000000800016c                __aeabi_dadd
                0x000000000800016c                __adddf3
                0x00000000080003e4                __floatunsidf
                0x00000000080003e4                __aeabi_ui2d
                0x0000000008000404                __floatsidf
                0x0000000008000404                __aeabi_i2d
                0x0000000008000428                __aeabi_f2d
                0x0000000008000428                __extendsfdf2
                0x000000000800046c                __floatundidf
                0x000000000800046c                __aeabi_ul2d
                0x000000000800047c                __floatdidf
                0x000000000800047c                __aeabi_l2d
 .text          0x00000000080004d8      0x424 C:/ST/STM32CubeIDE_1.13.0/STM32CubeIDE/plugins/com.st.stm32cube.ide.mcu.externaltools.gnu-tools-for-stm32.11.3.rel1.win32_1.1.0.202305231506/tools/bin/../lib/gcc/arm-none-eabi/11.3.1/thumb/v7-m/nofp\libgcc.a(_arm_muldivdf3.o)
                0x00000000080004d8                __aeabi_dmul
                0x00000000080004d8                __muldf3
                0x000000000800072c                __divdf3
                0x000000000800072c                __aeabi_ddiv
 .text          0x00000000080008fc      0x110 C:/ST/STM32CubeIDE_1.13.0/STM32CubeIDE/plugins/com.st.stm32cube.ide.mcu.externaltools.gnu-tools-for-stm32.11.3.rel1.win32_1.1.0.202305231506/tools/bin/../lib/gcc/arm-none-eabi/11.3.1/thumb/v7-m/nofp\libgcc.a(_arm_cmpdf2.o)
                0x00000000080008fc                __gtdf2
                0x00000000080008fc                __gedf2
                0x0000000008000904                __ltdf2
                0x0000000008000904                __ledf2
                0x000000000800090c                __nedf2
                0x000000000800090c                __eqdf2
                0x000000000800090c                __cmpdf2
                0x0000000008000988                __aeabi_cdrcmple
                0x0000000008000998                __aeabi_cdcmpeq
                0x0000000008000998                __aeabi_cdcmple
                0x00000000080009a8                __aeabi_dcmpeq
                0x00000000080009bc                __aeabi_dcmplt
                0x00000000080009d0                __aeabi_dcmple
                0x00000000080009e4                __aeabi_dcmpge
                0x00000000080009f8                __aeabi_dcmpgt
 .text          0x0000000008000a0c       0x2c C:/ST/STM32CubeIDE_1.13.0/STM32CubeIDE/plugins/com.st.stm32cube.ide.mcu.externaltools.gnu-tools-for-stm32.11.3.rel1.win32_1.1.0.202305231506/tools/bin/../lib/gcc/arm-none-eabi/11.3.1/thumb/v7-m/nofp\libgcc.a(_arm_unorddf2.o)
                0x0000000008000a0c                __unorddf2
                0x0000000008000a0c                __aeabi_dcmpun
 .text          0x0000000008000a38       0x50 C:/ST/STM32CubeIDE_1.13.0/STM32CubeIDE/plugins/com.st.stm32cube.ide.mcu.externaltools.gnu-tools-for-stm32.11.3.rel1.win32_1.1.0.202305231506/tools/bin/../lib/gcc/arm-none-eabi/11.3.1/thumb/v7-m/nofp\libgcc.a(_arm_fixdfsi.o)
                0x0000000008000a38                __aeabi_d2iz
                0x0000000008000a38                __fixdfsi
 .text          0x0000000008000a88       0x40 C:/ST/STM32CubeIDE_1.13.0/STM32CubeIDE/plugins/com.st.stm32cube.ide.mcu.externaltools.gnu-tools-for-stm32.11.3.rel1.win32_1.1.0.202305231506/tools/bin/../lib/gcc/arm-none-eabi/11.3.1/thumb/v7-m/nofp\libgcc.a(_arm_fixunsdfsi.o)
                0x0000000008000a88                __aeabi_d2uiz
                0x0000000008000a88                __fixunsdfsi
 .text          0x0000000008000ac8       0xa0 C:/ST/STM32CubeIDE_1.13.0/STM32CubeIDE/plugins/com.st.stm32cube.ide.mcu.externaltools.gnu-tools-for-stm32.11.3.rel1.win32_1.1.0.202305231506/tools/bin/../lib/gcc/arm-none-eabi/11.3.1/thumb/v7-m/nofp\libgcc.a(_arm_truncdfsf2.o)
                0x0000000008000ac8                __truncdfsf2
                0x0000000008000ac8                __aeabi_d2f
 .text          0x0000000008000b68       0x30 C:/ST/STM32CubeIDE_1.13.0/STM32CubeIDE/plugins/com.st.stm32cube.ide.mcu.externaltools.gnu-tools-for-stm32.11.3.rel1.win32_1.1.0.202305231506/tools/bin/../lib/gcc/arm-none-eabi/11.3.1/thumb/v7-m/nofp\libgcc.a(_aeabi_uldivmod.o)
                0x0000000008000b68                __aeabi_uldivmod
 .text          0x0000000008000b98       0x34 C:/ST/STM32CubeIDE_1.13.0/STM32CubeIDE/plugins/com.st.stm32cube.ide.mcu.externaltools.gnu-tools-for-stm32.11.3.rel1.win32_1.1.0.202305231506/tools/bin/../lib/gcc/arm-none-eabi/11.3.1/thumb/v7-m/nofp\libgcc.a(_fixdfdi.o)
                0x0000000008000b98                __fixdfdi
                0x0000000008000b98                __aeabi_d2lz
 .text          0x0000000008000bcc       0x3c C:/ST/STM32CubeIDE_1.13.0/STM32CubeIDE/plugins/com.st.stm32cube.ide.mcu.externaltools.gnu-tools-for-stm32.11.3.rel1.win32_1.1.0.202305231506/tools/bin/../lib/gcc/arm-none-eabi/11.3.1/thumb/v7-m/nofp\libgcc.a(_fixunsdfdi.o)
                0x0000000008000bcc                __fixunsdfdi
                0x0000000008000bcc                __aeabi_d2ulz
 .text          0x0000000008000c08      0x2cc C:/ST/STM32CubeIDE_1.13.0/STM32CubeIDE/plugins/com.st.stm32cube.ide.mcu.externaltools.gnu-tools-for-stm32.11.3.rel1.win32_1.1.0.202305231506/tools/bin/../lib/gcc/arm-none-eabi/11.3.1/thumb/v7-m/nofp\libgcc.a(_udivmoddi4.o)
                0x0000000008000c08                __udivmoddi4
 .text          0x0000000008000ed4        0x4 C:/ST/STM32CubeIDE_1.13.0/STM32CubeIDE/plugins/com.st.stm32cube.ide.mcu.externaltools.gnu-tools-for-stm32.11.3.rel1.win32_1.1.0.202305231506/tools/bin/../lib/gcc/arm-none-eabi/11.3.1/thumb/v7-m/nofp\libgcc.a(_dvmd_tls.o)
                0x0000000008000ed4                __aeabi_idiv0
                0x0000000008000ed4                __aeabi_ldiv0
 *(.text*)
 .text.AHT20_Init
                0x0000000008000ed8       0x1c ./Core/Inc/Libraries/AHT20/AHT20.o
                0x0000000008000ed8                AHT20_Init
 .text.AHT20_Measure
                0x0000000008000ef4       0xd4 ./Core/Inc/Libraries/AHT20/AHT20.o
                0x0000000008000ef4                AHT20_Measure
 .text.AHT20_Temp
                0x0000000008000fc8       0x78 ./Core/Inc/Libraries/AHT20/AHT20.o
                0x0000000008000fc8                AHT20_Temp
 .text.AHT20_Humid
                0x0000000008001040       0x60 ./Core/Inc/Libraries/AHT20/AHT20.o
                0x0000000008001040                AHT20_Humid
 .text.HTTP_REQ_make
                0x00000000080010a0      0x150 ./Core/Inc/Libraries/HTTP/HTTP.o
                0x00000000080010a0                HTTP_REQ_make
 .text.HTTP_REQ_methode_maker
                0x00000000080011f0      0x110 ./Core/Inc/Libraries/HTTP/HTTP.o
                0x00000000080011f0                HTTP_REQ_methode_maker
 .text.HTTP_REQ_uri_maker
                0x0000000008001300       0x80 ./Core/Inc/Libraries/HTTP/HTTP.o
                0x0000000008001300                HTTP_REQ_uri_maker
 .text.HTTP_REQ_hostname_maker
                0x0000000008001380       0xa0 ./Core/Inc/Libraries/HTTP/HTTP.o
                0x0000000008001380                HTTP_REQ_hostname_maker
 .text.HTTP_REQ_date_maker
                0x0000000008001420      0x108 ./Core/Inc/Libraries/HTTP/HTTP.o
                0x0000000008001420                HTTP_REQ_date_maker
 .text.HTTP_REQ_content_maker
                0x0000000008001528      0x1b0 ./Core/Inc/Libraries/HTTP/HTTP.o
                0x0000000008001528                HTTP_REQ_content_maker
 .text.HTTP_ERROR_HANDLER
                0x00000000080016d8       0xe0 ./Core/Inc/Libraries/HTTP/HTTP.o
                0x00000000080016d8                HTTP_ERROR_HANDLER
 .text.get_seconds_from_ntp_server
                0x00000000080017b8      0x5ec ./Core/Inc/Libraries/SNTP/sntp.o
                0x00000000080017b8                get_seconds_from_ntp_server
 .text.SNTP_init
                0x0000000008001da4       0xf4 ./Core/Inc/Libraries/SNTP/sntp.o
                0x0000000008001da4                SNTP_init
 .text.SNTP_run
                0x0000000008001e98      0x18c ./Core/Inc/Libraries/SNTP/sntp.o
                0x0000000008001e98                SNTP_run
 .text.calcdatetime
                0x0000000008002024      0x478 ./Core/Inc/Libraries/SNTP/sntp.o
                0x0000000008002024                calcdatetime
 .text.W5500_Select
                0x000000000800249c       0x18 ./Core/Inc/Libraries/W5500/W5500_SPI.o
                0x000000000800249c                W5500_Select
 .text.W5500_Unselect
                0x00000000080024b4       0x18 ./Core/Inc/Libraries/W5500/W5500_SPI.o
                0x00000000080024b4                W5500_Unselect
 .text.W5500_Restart
                0x00000000080024cc       0x2c ./Core/Inc/Libraries/W5500/W5500_SPI.o
                0x00000000080024cc                W5500_Restart
 .text.W5500_ReadBuff
                0x00000000080024f8       0x28 ./Core/Inc/Libraries/W5500/W5500_SPI.o
                0x00000000080024f8                W5500_ReadBuff
 .text.W5500_WriteBuff
                0x0000000008002520       0x28 ./Core/Inc/Libraries/W5500/W5500_SPI.o
                0x0000000008002520                W5500_WriteBuff
 .text.W5500_ReadByte
                0x0000000008002548       0x1a ./Core/Inc/Libraries/W5500/W5500_SPI.o
                0x0000000008002548                W5500_ReadByte
 .text.W5500_WriteByte
                0x0000000008002562       0x1c ./Core/Inc/Libraries/W5500/W5500_SPI.o
                0x0000000008002562                W5500_WriteByte
 *fill*         0x000000000800257e        0x2 
 .text.socket   0x0000000008002580      0x228 ./Core/Inc/Libraries/W5500/socket.o
                0x0000000008002580                socket
 .text.close    0x00000000080027a8       0xdc ./Core/Inc/Libraries/W5500/socket.o
                0x00000000080027a8                close
 .text.sendto   0x0000000008002884      0x26c ./Core/Inc/Libraries/W5500/socket.o
                0x0000000008002884                sendto
 .text.recvfrom
                0x0000000008002af0      0x3dc ./Core/Inc/Libraries/W5500/socket.o
                0x0000000008002af0                recvfrom
 .text.WIZCHIP_READ
                0x0000000008002ecc       0x98 ./Core/Inc/Libraries/W5500/w5500.o
                0x0000000008002ecc                WIZCHIP_READ
 .text.WIZCHIP_WRITE
                0x0000000008002f64       0x9c ./Core/Inc/Libraries/W5500/w5500.o
                0x0000000008002f64                WIZCHIP_WRITE
 .text.WIZCHIP_READ_BUF
                0x0000000008003000       0xc0 ./Core/Inc/Libraries/W5500/w5500.o
                0x0000000008003000                WIZCHIP_READ_BUF
 .text.WIZCHIP_WRITE_BUF
                0x00000000080030c0       0xc0 ./Core/Inc/Libraries/W5500/w5500.o
                0x00000000080030c0                WIZCHIP_WRITE_BUF
 .text.getSn_TX_FSR
                0x0000000008003180       0x96 ./Core/Inc/Libraries/W5500/w5500.o
                0x0000000008003180                getSn_TX_FSR
 .text.getSn_RX_RSR
                0x0000000008003216       0x96 ./Core/Inc/Libraries/W5500/w5500.o
                0x0000000008003216                getSn_RX_RSR
 .text.wiz_send_data
                0x00000000080032ac       0xb8 ./Core/Inc/Libraries/W5500/w5500.o
                0x00000000080032ac                wiz_send_data
 .text.wiz_recv_data
                0x0000000008003364       0xb8 ./Core/Inc/Libraries/W5500/w5500.o
                0x0000000008003364                wiz_recv_data
 .text.wiz_recv_ignore
                0x000000000800341c       0x90 ./Core/Inc/Libraries/W5500/w5500.o
                0x000000000800341c                wiz_recv_ignore
 .text.wizchip_cris_enter
                0x00000000080034ac        0xc ./Core/Inc/Libraries/W5500/wizchip_conf.o
                0x00000000080034ac                wizchip_cris_enter
 .text.wizchip_cris_exit
                0x00000000080034b8        0xc ./Core/Inc/Libraries/W5500/wizchip_conf.o
                0x00000000080034b8                wizchip_cris_exit
 .text.wizchip_cs_select
                0x00000000080034c4        0xc ./Core/Inc/Libraries/W5500/wizchip_conf.o
                0x00000000080034c4                wizchip_cs_select
 .text.wizchip_cs_deselect
                0x00000000080034d0        0xc ./Core/Inc/Libraries/W5500/wizchip_conf.o
                0x00000000080034d0                wizchip_cs_deselect
 .text.wizchip_bus_readdata
                0x00000000080034dc       0x18 ./Core/Inc/Libraries/W5500/wizchip_conf.o
                0x00000000080034dc                wizchip_bus_readdata
 .text.wizchip_bus_writedata
                0x00000000080034f4       0x1c ./Core/Inc/Libraries/W5500/wizchip_conf.o
                0x00000000080034f4                wizchip_bus_writedata
 .text.wizchip_spi_readbyte
                0x0000000008003510        0xe ./Core/Inc/Libraries/W5500/wizchip_conf.o
                0x0000000008003510                wizchip_spi_readbyte
 .text.wizchip_spi_writebyte
                0x000000000800351e       0x14 ./Core/Inc/Libraries/W5500/wizchip_conf.o
                0x000000000800351e                wizchip_spi_writebyte
 .text.wizchip_spi_readburst
                0x0000000008003532       0x16 ./Core/Inc/Libraries/W5500/wizchip_conf.o
                0x0000000008003532                wizchip_spi_readburst
 .text.wizchip_spi_writeburst
                0x0000000008003548       0x16 ./Core/Inc/Libraries/W5500/wizchip_conf.o
                0x0000000008003548                wizchip_spi_writeburst
 *fill*         0x000000000800355e        0x2 
 .text.reg_wizchip_cs_cbfunc
                0x0000000008003560       0x48 ./Core/Inc/Libraries/W5500/wizchip_conf.o
                0x0000000008003560                reg_wizchip_cs_cbfunc
 .text.reg_wizchip_spi_cbfunc
                0x00000000080035a8       0x58 ./Core/Inc/Libraries/W5500/wizchip_conf.o
                0x00000000080035a8                reg_wizchip_spi_cbfunc
 .text.reg_wizchip_spiburst_cbfunc
                0x0000000008003600       0x58 ./Core/Inc/Libraries/W5500/wizchip_conf.o
                0x0000000008003600                reg_wizchip_spiburst_cbfunc
 .text.ctlwizchip
                0x0000000008003658      0x1c4 ./Core/Inc/Libraries/W5500/wizchip_conf.o
                0x0000000008003658                ctlwizchip
 .text.ctlnetwork
                0x000000000800381c       0x7c ./Core/Inc/Libraries/W5500/wizchip_conf.o
                0x000000000800381c                ctlnetwork
 .text.wizchip_sw_reset
                0x0000000008003898       0x98 ./Core/Inc/Libraries/W5500/wizchip_conf.o
                0x0000000008003898                wizchip_sw_reset
 .text.wizchip_init
                0x0000000008003930      0x118 ./Core/Inc/Libraries/W5500/wizchip_conf.o
                0x0000000008003930                wizchip_init
 .text.wizchip_clrinterrupt
                0x0000000008003a48       0x68 ./Core/Inc/Libraries/W5500/wizchip_conf.o
                0x0000000008003a48                wizchip_clrinterrupt
 .text.wizchip_getinterrupt
                0x0000000008003ab0       0x4a ./Core/Inc/Libraries/W5500/wizchip_conf.o
                0x0000000008003ab0                wizchip_getinterrupt
 .text.wizchip_setinterruptmask
                0x0000000008003afa       0x36 ./Core/Inc/Libraries/W5500/wizchip_conf.o
                0x0000000008003afa                wizchip_setinterruptmask
 .text.wizchip_getinterruptmask
                0x0000000008003b30       0x46 ./Core/Inc/Libraries/W5500/wizchip_conf.o
                0x0000000008003b30                wizchip_getinterruptmask
 .text.wizphy_getphylink
                0x0000000008003b76       0x2c ./Core/Inc/Libraries/W5500/wizchip_conf.o
                0x0000000008003b76                wizphy_getphylink
 .text.wizphy_getphypmode
                0x0000000008003ba2       0x32 ./Core/Inc/Libraries/W5500/wizchip_conf.o
                0x0000000008003ba2                wizphy_getphypmode
 .text.wizphy_reset
                0x0000000008003bd4       0x4e ./Core/Inc/Libraries/W5500/wizchip_conf.o
                0x0000000008003bd4                wizphy_reset
 .text.wizphy_setphyconf
                0x0000000008003c22       0x84 ./Core/Inc/Libraries/W5500/wizchip_conf.o
                0x0000000008003c22                wizphy_setphyconf
 *fill*         0x0000000008003ca6        0x2 
 .text.wizphy_getphyconf
                0x0000000008003ca8       0xd4 ./Core/Inc/Libraries/W5500/wizchip_conf.o
                0x0000000008003ca8                wizphy_getphyconf
 .text.wizphy_setphypmode
                0x0000000008003d7c       0x94 ./Core/Inc/Libraries/W5500/wizchip_conf.o
                0x0000000008003d7c                wizphy_setphypmode
 .text.wizchip_setnetinfo
                0x0000000008003e10       0x80 ./Core/Inc/Libraries/W5500/wizchip_conf.o
                0x0000000008003e10                wizchip_setnetinfo
 .text.wizchip_getnetinfo
                0x0000000008003e90       0x80 ./Core/Inc/Libraries/W5500/wizchip_conf.o
                0x0000000008003e90                wizchip_getnetinfo
 .text.wizchip_setnetmode
                0x0000000008003f10       0x44 ./Core/Inc/Libraries/W5500/wizchip_conf.o
                0x0000000008003f10                wizchip_setnetmode
 .text.wizchip_getnetmode
                0x0000000008003f54       0x10 ./Core/Inc/Libraries/W5500/wizchip_conf.o
                0x0000000008003f54                wizchip_getnetmode
 .text.wizchip_settimeout
                0x0000000008003f64       0x42 ./Core/Inc/Libraries/W5500/wizchip_conf.o
                0x0000000008003f64                wizchip_settimeout
 .text.wizchip_gettimeout
                0x0000000008003fa6       0x44 ./Core/Inc/Libraries/W5500/wizchip_conf.o
                0x0000000008003fa6                wizchip_gettimeout
 .text.cJSON_strdup
                0x0000000008003fea       0x50 ./Core/Inc/Libraries/cJSON/cJSON.o
 .text.cJSON_New_Item
                0x000000000800403a       0x2c ./Core/Inc/Libraries/cJSON/cJSON.o
 *fill*         0x0000000008004066        0x2 
 .text.cJSON_Delete
                0x0000000008004068       0x94 ./Core/Inc/Libraries/cJSON/cJSON.o
                0x0000000008004068                cJSON_Delete
 .text.get_decimal_point
                0x00000000080040fc        0xe ./Core/Inc/Libraries/cJSON/cJSON.o
 .text.ensure   0x000000000800410a      0x134 ./Core/Inc/Libraries/cJSON/cJSON.o
 .text.update_offset
                0x000000000800423e       0x42 ./Core/Inc/Libraries/cJSON/cJSON.o
 .text.compare_double
                0x0000000008004280       0xa0 ./Core/Inc/Libraries/cJSON/cJSON.o
 .text.print_number
                0x0000000008004320      0x1a4 ./Core/Inc/Libraries/cJSON/cJSON.o
 .text.print_string_ptr
                0x00000000080044c4      0x260 ./Core/Inc/Libraries/cJSON/cJSON.o
 .text.print_string
                0x0000000008004724       0x20 ./Core/Inc/Libraries/cJSON/cJSON.o
 .text.print    0x0000000008004744      0x108 ./Core/Inc/Libraries/cJSON/cJSON.o
 .text.cJSON_Print
                0x000000000800484c       0x20 ./Core/Inc/Libraries/cJSON/cJSON.o
                0x000000000800484c                cJSON_Print
 .text.print_value
                0x000000000800486c      0x1c8 ./Core/Inc/Libraries/cJSON/cJSON.o
 .text.print_array
                0x0000000008004a34      0x10c ./Core/Inc/Libraries/cJSON/cJSON.o
 .text.print_object
                0x0000000008004b40      0x23c ./Core/Inc/Libraries/cJSON/cJSON.o
 .text.suffix_object
                0x0000000008004d7c       0x20 ./Core/Inc/Libraries/cJSON/cJSON.o
 .text.add_item_to_array
                0x0000000008004d9c       0x6c ./Core/Inc/Libraries/cJSON/cJSON.o
 .text.cast_away_const
                0x0000000008004e08       0x14 ./Core/Inc/Libraries/cJSON/cJSON.o
 .text.add_item_to_object
                0x0000000008004e1c       0xaa ./Core/Inc/Libraries/cJSON/cJSON.o
 *fill*         0x0000000008004ec6        0x2 
 .text.cJSON_AddNumberToObject
                0x0000000008004ec8       0x48 ./Core/Inc/Libraries/cJSON/cJSON.o
                0x0000000008004ec8                cJSON_AddNumberToObject
 .text.cJSON_AddStringToObject
                0x0000000008004f10       0x44 ./Core/Inc/Libraries/cJSON/cJSON.o
                0x0000000008004f10                cJSON_AddStringToObject
 *fill*         0x0000000008004f54        0x4 
 .text.cJSON_CreateNumber
                0x0000000008004f58       0x90 ./Core/Inc/Libraries/cJSON/cJSON.o
                0x0000000008004f58                cJSON_CreateNumber
 .text.cJSON_CreateString
                0x0000000008004fe8       0x4c ./Core/Inc/Libraries/cJSON/cJSON.o
                0x0000000008004fe8                cJSON_CreateString
 .text.cJSON_CreateObject
                0x0000000008005034       0x28 ./Core/Inc/Libraries/cJSON/cJSON.o
                0x0000000008005034                cJSON_CreateObject
 .text.LL_RTC_SetAsynchPrescaler
                0x000000000800505c       0x38 ./Core/Src/main.o
 .text.LL_RTC_EnableWriteProtection
                0x0000000008005094       0x1e ./Core/Src/main.o
 .text.LL_RTC_DisableWriteProtection
                0x00000000080050b2       0x1e ./Core/Src/main.o
 .text.LL_RTC_TIME_Set
                0x00000000080050d0       0x24 ./Core/Src/main.o
 .text.LL_RTC_TIME_Get
                0x00000000080050f4       0x26 ./Core/Src/main.o
 *fill*         0x000000000800511a        0x2 
 .text.LL_APB1_GRP1_EnableClock
                0x000000000800511c       0x30 ./Core/Src/main.o
 .text.LL_RCC_EnableRTC
                0x000000000800514c       0x1c ./Core/Src/main.o
 .text.LL_PWR_EnableBkUpAccess
                0x0000000008005168       0x1c ./Core/Src/main.o
 .text.main     0x0000000008005184      0x32c ./Core/Src/main.o
                0x0000000008005184                main
 .text.SystemClock_Config
                0x00000000080054b0       0xb6 ./Core/Src/main.o
                0x00000000080054b0                SystemClock_Config
 *fill*         0x0000000008005566        0x2 
 .text.MX_ADC1_Init
                0x0000000008005568       0x7c ./Core/Src/main.o
 .text.MX_I2C2_Init
                0x00000000080055e4       0x5c ./Core/Src/main.o
 .text.MX_RTC_Init
                0x0000000008005640       0x6c ./Core/Src/main.o
 .text.MX_SPI1_Init
                0x00000000080056ac       0x6c ./Core/Src/main.o
 .text.MX_USART1_UART_Init
                0x0000000008005718       0x54 ./Core/Src/main.o
 .text.MX_GPIO_Init
                0x000000000800576c      0x108 ./Core/Src/main.o
 .text.UPDATE_JSON
                0x0000000008005874       0xac ./Core/Src/main.o
                0x0000000008005874                UPDATE_JSON
 .text.RTC_NTP_sync
                0x0000000008005920       0xac ./Core/Src/main.o
                0x0000000008005920                RTC_NTP_sync
 .text.__io_putchar
                0x00000000080059cc       0x24 ./Core/Src/main.o
                0x00000000080059cc                __io_putchar
 .text.network_init
                0x00000000080059f0      0x110 ./Core/Src/main.o
                0x00000000080059f0                network_init
 .text.Error_Handler
                0x0000000008005b00        0xa ./Core/Src/main.o
                0x0000000008005b00                Error_Handler
 *fill*         0x0000000008005b0a        0x2 
 .text.HAL_MspInit
                0x0000000008005b0c       0x64 ./Core/Src/stm32f1xx_hal_msp.o
                0x0000000008005b0c                HAL_MspInit
 .text.HAL_ADC_MspInit
                0x0000000008005b70       0x78 ./Core/Src/stm32f1xx_hal_msp.o
                0x0000000008005b70                HAL_ADC_MspInit
 .text.HAL_I2C_MspInit
                0x0000000008005be8       0x80 ./Core/Src/stm32f1xx_hal_msp.o
                0x0000000008005be8                HAL_I2C_MspInit
 .text.HAL_SPI_MspInit
                0x0000000008005c68       0x94 ./Core/Src/stm32f1xx_hal_msp.o
                0x0000000008005c68                HAL_SPI_MspInit
 .text.HAL_UART_MspInit
                0x0000000008005cfc       0x98 ./Core/Src/stm32f1xx_hal_msp.o
                0x0000000008005cfc                HAL_UART_MspInit
 .text.NMI_Handler
                0x0000000008005d94        0x6 ./Core/Src/stm32f1xx_it.o
                0x0000000008005d94                NMI_Handler
 .text.HardFault_Handler
                0x0000000008005d9a        0x6 ./Core/Src/stm32f1xx_it.o
                0x0000000008005d9a                HardFault_Handler
 .text.MemManage_Handler
                0x0000000008005da0        0x6 ./Core/Src/stm32f1xx_it.o
                0x0000000008005da0                MemManage_Handler
 .text.BusFault_Handler
                0x0000000008005da6        0x6 ./Core/Src/stm32f1xx_it.o
                0x0000000008005da6                BusFault_Handler
 .text.UsageFault_Handler
                0x0000000008005dac        0x6 ./Core/Src/stm32f1xx_it.o
                0x0000000008005dac                UsageFault_Handler
 .text.SVC_Handler
                0x0000000008005db2        0xc ./Core/Src/stm32f1xx_it.o
                0x0000000008005db2                SVC_Handler
 .text.DebugMon_Handler
                0x0000000008005dbe        0xc ./Core/Src/stm32f1xx_it.o
                0x0000000008005dbe                DebugMon_Handler
 .text.PendSV_Handler
                0x0000000008005dca        0xc ./Core/Src/stm32f1xx_it.o
                0x0000000008005dca                PendSV_Handler
 .text.SysTick_Handler
                0x0000000008005dd6        0xc ./Core/Src/stm32f1xx_it.o
                0x0000000008005dd6                SysTick_Handler
 .text._getpid  0x0000000008005de2        0xe ./Core/Src/syscalls.o
                0x0000000008005de2                _getpid
 .text._kill    0x0000000008005df0       0x20 ./Core/Src/syscalls.o
                0x0000000008005df0                _kill
 .text._exit    0x0000000008005e10       0x14 ./Core/Src/syscalls.o
                0x0000000008005e10                _exit
 .text._read    0x0000000008005e24       0x3a ./Core/Src/syscalls.o
                0x0000000008005e24                _read
 .text._write   0x0000000008005e5e       0x38 ./Core/Src/syscalls.o
                0x0000000008005e5e                _write
 .text._close   0x0000000008005e96       0x16 ./Core/Src/syscalls.o
                0x0000000008005e96                _close
 .text._fstat   0x0000000008005eac       0x1e ./Core/Src/syscalls.o
                0x0000000008005eac                _fstat
 .text._isatty  0x0000000008005eca       0x14 ./Core/Src/syscalls.o
                0x0000000008005eca                _isatty
 .text._lseek   0x0000000008005ede       0x18 ./Core/Src/syscalls.o
                0x0000000008005ede                _lseek
 *fill*         0x0000000008005ef6        0x2 
 .text._sbrk    0x0000000008005ef8       0x6c ./Core/Src/sysmem.o
                0x0000000008005ef8                _sbrk
 .text.SystemInit
                0x0000000008005f64        0xc ./Core/Src/system_stm32f1xx.o
                0x0000000008005f64                SystemInit
 .text.Reset_Handler
                0x0000000008005f70       0x48 ./Core/Startup/startup_stm32f103cbtx.o
                0x0000000008005f70                Reset_Handler
 .text.Default_Handler
                0x0000000008005fb8        0x2 ./Core/Startup/startup_stm32f103cbtx.o
                0x0000000008005fb8                RTC_Alarm_IRQHandler
                0x0000000008005fb8                EXTI2_IRQHandler
                0x0000000008005fb8                TIM1_CC_IRQHandler
                0x0000000008005fb8                PVD_IRQHandler
                0x0000000008005fb8                EXTI3_IRQHandler
                0x0000000008005fb8                EXTI0_IRQHandler
                0x0000000008005fb8                I2C2_EV_IRQHandler
                0x0000000008005fb8                ADC1_2_IRQHandler
                0x0000000008005fb8                SPI1_IRQHandler
                0x0000000008005fb8                TAMPER_IRQHandler
                0x0000000008005fb8                DMA1_Channel4_IRQHandler
                0x0000000008005fb8                USART3_IRQHandler
                0x0000000008005fb8                RTC_IRQHandler
                0x0000000008005fb8                DMA1_Channel7_IRQHandler
                0x0000000008005fb8                CAN1_RX1_IRQHandler
                0x0000000008005fb8                TIM4_IRQHandler
                0x0000000008005fb8                I2C1_EV_IRQHandler
                0x0000000008005fb8                DMA1_Channel6_IRQHandler
                0x0000000008005fb8                TIM3_IRQHandler
                0x0000000008005fb8                RCC_IRQHandler
                0x0000000008005fb8                TIM1_TRG_COM_IRQHandler
                0x0000000008005fb8                DMA1_Channel1_IRQHandler
                0x0000000008005fb8                Default_Handler
                0x0000000008005fb8                EXTI15_10_IRQHandler
                0x0000000008005fb8                EXTI9_5_IRQHandler
                0x0000000008005fb8                SPI2_IRQHandler
                0x0000000008005fb8                DMA1_Channel5_IRQHandler
                0x0000000008005fb8                EXTI4_IRQHandler
                0x0000000008005fb8                USB_LP_CAN1_RX0_IRQHandler
                0x0000000008005fb8                USB_HP_CAN1_TX_IRQHandler
                0x0000000008005fb8                DMA1_Channel3_IRQHandler
                0x0000000008005fb8                TIM1_UP_IRQHandler
                0x0000000008005fb8                WWDG_IRQHandler
                0x0000000008005fb8                TIM2_IRQHandler
                0x0000000008005fb8                TIM1_BRK_IRQHandler
                0x0000000008005fb8                EXTI1_IRQHandler
                0x0000000008005fb8                USART2_IRQHandler
                0x0000000008005fb8                I2C2_ER_IRQHandler
                0x0000000008005fb8                DMA1_Channel2_IRQHandler
                0x0000000008005fb8                CAN1_SCE_IRQHandler
                0x0000000008005fb8                FLASH_IRQHandler
                0x0000000008005fb8                USART1_IRQHandler
                0x0000000008005fb8                I2C1_ER_IRQHandler
                0x0000000008005fb8                USBWakeUp_IRQHandler
 *fill*         0x0000000008005fba        0x2 
 .text.HAL_Init
                0x0000000008005fbc       0x2c ./Drivers/STM32F1xx_HAL_Driver/Src/stm32f1xx_hal.o
                0x0000000008005fbc                HAL_Init
 .text.HAL_InitTick
                0x0000000008005fe8       0x60 ./Drivers/STM32F1xx_HAL_Driver/Src/stm32f1xx_hal.o
                0x0000000008005fe8                HAL_InitTick
 .text.HAL_IncTick
                0x0000000008006048       0x24 ./Drivers/STM32F1xx_HAL_Driver/Src/stm32f1xx_hal.o
                0x0000000008006048                HAL_IncTick
 .text.HAL_GetTick
                0x000000000800606c       0x14 ./Drivers/STM32F1xx_HAL_Driver/Src/stm32f1xx_hal.o
                0x000000000800606c                HAL_GetTick
 .text.HAL_Delay
                0x0000000008006080       0x48 ./Drivers/STM32F1xx_HAL_Driver/Src/stm32f1xx_hal.o
                0x0000000008006080                HAL_Delay
 .text.HAL_ADC_Init
                0x00000000080060c8      0x1b0 ./Drivers/STM32F1xx_HAL_Driver/Src/stm32f1xx_hal_adc.o
                0x00000000080060c8                HAL_ADC_Init
 .text.HAL_ADC_Start
                0x0000000008006278      0x15c ./Drivers/STM32F1xx_HAL_Driver/Src/stm32f1xx_hal_adc.o
                0x0000000008006278                HAL_ADC_Start
 .text.HAL_ADC_GetValue
                0x00000000080063d4       0x18 ./Drivers/STM32F1xx_HAL_Driver/Src/stm32f1xx_hal_adc.o
                0x00000000080063d4                HAL_ADC_GetValue
 .text.HAL_ADC_ConfigChannel
                0x00000000080063ec      0x1f0 ./Drivers/STM32F1xx_HAL_Driver/Src/stm32f1xx_hal_adc.o
                0x00000000080063ec                HAL_ADC_ConfigChannel
 .text.ADC_Enable
                0x00000000080065dc       0xb4 ./Drivers/STM32F1xx_HAL_Driver/Src/stm32f1xx_hal_adc.o
                0x00000000080065dc                ADC_Enable
 .text.ADC_ConversionStop_Disable
                0x0000000008006690       0x82 ./Drivers/STM32F1xx_HAL_Driver/Src/stm32f1xx_hal_adc.o
                0x0000000008006690                ADC_ConversionStop_Disable
 *fill*         0x0000000008006712        0x2 
 .text.__NVIC_SetPriorityGrouping
                0x0000000008006714       0x48 ./Drivers/STM32F1xx_HAL_Driver/Src/stm32f1xx_hal_cortex.o
 .text.__NVIC_GetPriorityGrouping
                0x000000000800675c       0x1c ./Drivers/STM32F1xx_HAL_Driver/Src/stm32f1xx_hal_cortex.o
 .text.__NVIC_SetPriority
                0x0000000008006778       0x54 ./Drivers/STM32F1xx_HAL_Driver/Src/stm32f1xx_hal_cortex.o
 .text.NVIC_EncodePriority
                0x00000000080067cc       0x64 ./Drivers/STM32F1xx_HAL_Driver/Src/stm32f1xx_hal_cortex.o
 .text.SysTick_Config
                0x0000000008006830       0x44 ./Drivers/STM32F1xx_HAL_Driver/Src/stm32f1xx_hal_cortex.o
 .text.HAL_NVIC_SetPriorityGrouping
                0x0000000008006874       0x16 ./Drivers/STM32F1xx_HAL_Driver/Src/stm32f1xx_hal_cortex.o
                0x0000000008006874                HAL_NVIC_SetPriorityGrouping
 .text.HAL_NVIC_SetPriority
                0x000000000800688a       0x38 ./Drivers/STM32F1xx_HAL_Driver/Src/stm32f1xx_hal_cortex.o
                0x000000000800688a                HAL_NVIC_SetPriority
 .text.HAL_SYSTICK_Config
                0x00000000080068c2       0x18 ./Drivers/STM32F1xx_HAL_Driver/Src/stm32f1xx_hal_cortex.o
                0x00000000080068c2                HAL_SYSTICK_Config
 *fill*         0x00000000080068da        0x2 
 .text.HAL_GPIO_Init
                0x00000000080068dc      0x308 ./Drivers/STM32F1xx_HAL_Driver/Src/stm32f1xx_hal_gpio.o
                0x00000000080068dc                HAL_GPIO_Init
 .text.HAL_GPIO_WritePin
                0x0000000008006be4       0x30 ./Drivers/STM32F1xx_HAL_Driver/Src/stm32f1xx_hal_gpio.o
                0x0000000008006be4                HAL_GPIO_WritePin
 .text.HAL_I2C_Init
                0x0000000008006c14      0x288 ./Drivers/STM32F1xx_HAL_Driver/Src/stm32f1xx_hal_i2c.o
                0x0000000008006c14                HAL_I2C_Init
 .text.HAL_I2C_Master_Transmit
                0x0000000008006e9c      0x1fc ./Drivers/STM32F1xx_HAL_Driver/Src/stm32f1xx_hal_i2c.o
                0x0000000008006e9c                HAL_I2C_Master_Transmit
 .text.HAL_I2C_Master_Receive
                0x0000000008007098      0x4d8 ./Drivers/STM32F1xx_HAL_Driver/Src/stm32f1xx_hal_i2c.o
                0x0000000008007098                HAL_I2C_Master_Receive
 .text.I2C_MasterRequestWrite
                0x0000000008007570      0x104 ./Drivers/STM32F1xx_HAL_Driver/Src/stm32f1xx_hal_i2c.o
 .text.I2C_MasterRequestRead
                0x0000000008007674      0x19c ./Drivers/STM32F1xx_HAL_Driver/Src/stm32f1xx_hal_i2c.o
 .text.I2C_WaitOnFlagUntilTimeout
                0x0000000008007810       0xf4 ./Drivers/STM32F1xx_HAL_Driver/Src/stm32f1xx_hal_i2c.o
 .text.I2C_WaitOnMasterAddressFlagUntilTimeout
                0x0000000008007904      0x140 ./Drivers/STM32F1xx_HAL_Driver/Src/stm32f1xx_hal_i2c.o
 .text.I2C_WaitOnTXEFlagUntilTimeout
                0x0000000008007a44       0x90 ./Drivers/STM32F1xx_HAL_Driver/Src/stm32f1xx_hal_i2c.o
 .text.I2C_WaitOnBTFFlagUntilTimeout
                0x0000000008007ad4       0x90 ./Drivers/STM32F1xx_HAL_Driver/Src/stm32f1xx_hal_i2c.o
 .text.I2C_WaitOnRXNEFlagUntilTimeout
                0x0000000008007b64       0xba ./Drivers/STM32F1xx_HAL_Driver/Src/stm32f1xx_hal_i2c.o
 .text.I2C_IsAcknowledgeFailed
                0x0000000008007c1e       0x5c ./Drivers/STM32F1xx_HAL_Driver/Src/stm32f1xx_hal_i2c.o
 *fill*         0x0000000008007c7a        0x2 
 .text.HAL_RCC_OscConfig
                0x0000000008007c7c      0x504 ./Drivers/STM32F1xx_HAL_Driver/Src/stm32f1xx_hal_rcc.o
                0x0000000008007c7c                HAL_RCC_OscConfig
 .text.HAL_RCC_ClockConfig
                0x0000000008008180      0x1d4 ./Drivers/STM32F1xx_HAL_Driver/Src/stm32f1xx_hal_rcc.o
                0x0000000008008180                HAL_RCC_ClockConfig
 .text.HAL_RCC_GetSysClockFreq
                0x0000000008008354       0xa8 ./Drivers/STM32F1xx_HAL_Driver/Src/stm32f1xx_hal_rcc.o
                0x0000000008008354                HAL_RCC_GetSysClockFreq
 .text.HAL_RCC_GetHCLKFreq
                0x00000000080083fc       0x14 ./Drivers/STM32F1xx_HAL_Driver/Src/stm32f1xx_hal_rcc.o
                0x00000000080083fc                HAL_RCC_GetHCLKFreq
 .text.HAL_RCC_GetPCLK1Freq
                0x0000000008008410       0x28 ./Drivers/STM32F1xx_HAL_Driver/Src/stm32f1xx_hal_rcc.o
                0x0000000008008410                HAL_RCC_GetPCLK1Freq
 .text.HAL_RCC_GetPCLK2Freq
                0x0000000008008438       0x28 ./Drivers/STM32F1xx_HAL_Driver/Src/stm32f1xx_hal_rcc.o
                0x0000000008008438                HAL_RCC_GetPCLK2Freq
 .text.RCC_Delay
                0x0000000008008460       0x3c ./Drivers/STM32F1xx_HAL_Driver/Src/stm32f1xx_hal_rcc.o
 .text.HAL_RCCEx_PeriphCLKConfig
                0x000000000800849c      0x16c ./Drivers/STM32F1xx_HAL_Driver/Src/stm32f1xx_hal_rcc_ex.o
                0x000000000800849c                HAL_RCCEx_PeriphCLKConfig
 .text.HAL_SPI_Init
                0x0000000008008608      0x108 ./Drivers/STM32F1xx_HAL_Driver/Src/stm32f1xx_hal_spi.o
                0x0000000008008608                HAL_SPI_Init
 .text.HAL_SPI_Transmit
                0x0000000008008710      0x286 ./Drivers/STM32F1xx_HAL_Driver/Src/stm32f1xx_hal_spi.o
                0x0000000008008710                HAL_SPI_Transmit
 .text.HAL_SPI_Receive
                0x0000000008008996      0x230 ./Drivers/STM32F1xx_HAL_Driver/Src/stm32f1xx_hal_spi.o
                0x0000000008008996                HAL_SPI_Receive
 .text.HAL_SPI_TransmitReceive
                0x0000000008008bc6      0x360 ./Drivers/STM32F1xx_HAL_Driver/Src/stm32f1xx_hal_spi.o
                0x0000000008008bc6                HAL_SPI_TransmitReceive
 *fill*         0x0000000008008f26        0x2 
 .text.SPI_WaitFlagStateUntilTimeout
                0x0000000008008f28      0x110 ./Drivers/STM32F1xx_HAL_Driver/Src/stm32f1xx_hal_spi.o
 .text.SPI_EndRxTransaction
                0x0000000008009038       0xa4 ./Drivers/STM32F1xx_HAL_Driver/Src/stm32f1xx_hal_spi.o
 .text.SPI_EndRxTxTransaction
                0x00000000080090dc       0x3c ./Drivers/STM32F1xx_HAL_Driver/Src/stm32f1xx_hal_spi.o
 .text.HAL_UART_Init
                0x0000000008009118       0xa0 ./Drivers/STM32F1xx_HAL_Driver/Src/stm32f1xx_hal_uart.o
                0x0000000008009118                HAL_UART_Init
 .text.HAL_UART_Transmit
                0x00000000080091b8      0x106 ./Drivers/STM32F1xx_HAL_Driver/Src/stm32f1xx_hal_uart.o
                0x00000000080091b8                HAL_UART_Transmit
 .text.UART_WaitOnFlagUntilTimeout
                0x00000000080092be       0xdc ./Drivers/STM32F1xx_HAL_Driver/Src/stm32f1xx_hal_uart.o
 *fill*         0x000000000800939a        0x2 
 .text.UART_SetConfig
                0x000000000800939c      0x11c ./Drivers/STM32F1xx_HAL_Driver/Src/stm32f1xx_hal_uart.o
 .text.LL_RTC_SetAsynchPrescaler
                0x00000000080094b8       0x38 ./Drivers/STM32F1xx_HAL_Driver/Src/stm32f1xx_ll_rtc.o
 .text.LL_RTC_SetOutputSource
                0x00000000080094f0       0x24 ./Drivers/STM32F1xx_HAL_Driver/Src/stm32f1xx_ll_rtc.o
 .text.LL_RTC_EnableWriteProtection
                0x0000000008009514       0x1e ./Drivers/STM32F1xx_HAL_Driver/Src/stm32f1xx_ll_rtc.o
 .text.LL_RTC_DisableWriteProtection
                0x0000000008009532       0x1e ./Drivers/STM32F1xx_HAL_Driver/Src/stm32f1xx_ll_rtc.o
 .text.LL_RTC_TIME_Set
                0x0000000008009550       0x24 ./Drivers/STM32F1xx_HAL_Driver/Src/stm32f1xx_ll_rtc.o
 .text.LL_RTC_TAMPER_Disable
                0x0000000008009574       0x24 ./Drivers/STM32F1xx_HAL_Driver/Src/stm32f1xx_ll_rtc.o
 .text.LL_RTC_ClearFlag_ALR
                0x0000000008009598       0x1e ./Drivers/STM32F1xx_HAL_Driver/Src/stm32f1xx_ll_rtc.o
 .text.LL_RTC_IsActiveFlag_RS
                0x00000000080095b6       0x24 ./Drivers/STM32F1xx_HAL_Driver/Src/stm32f1xx_ll_rtc.o
 .text.LL_RTC_ClearFlag_RS
                0x00000000080095da       0x1e ./Drivers/STM32F1xx_HAL_Driver/Src/stm32f1xx_ll_rtc.o
 .text.LL_RTC_ClearFlag_OW
                0x00000000080095f8       0x1e ./Drivers/STM32F1xx_HAL_Driver/Src/stm32f1xx_ll_rtc.o
 .text.LL_RTC_ClearFlag_SEC
                0x0000000008009616       0x1e ./Drivers/STM32F1xx_HAL_Driver/Src/stm32f1xx_ll_rtc.o
 .text.LL_RTC_IsActiveFlag_RTOF
                0x0000000008009634       0x24 ./Drivers/STM32F1xx_HAL_Driver/Src/stm32f1xx_ll_rtc.o
 .text.LL_SYSTICK_IsActiveCounterFlag
                0x0000000008009658       0x24 ./Drivers/STM32F1xx_HAL_Driver/Src/stm32f1xx_ll_rtc.o
 .text.LL_RTC_Init
                0x000000000800967c       0x78 ./Drivers/STM32F1xx_HAL_Driver/Src/stm32f1xx_ll_rtc.o
                0x000000000800967c                LL_RTC_Init
 .text.LL_RTC_TIME_Init
                0x00000000080096f4       0xec ./Drivers/STM32F1xx_HAL_Driver/Src/stm32f1xx_ll_rtc.o
                0x00000000080096f4                LL_RTC_TIME_Init
 .text.LL_RTC_EnterInitMode
                0x00000000080097e0       0x5e ./Drivers/STM32F1xx_HAL_Driver/Src/stm32f1xx_ll_rtc.o
                0x00000000080097e0                LL_RTC_EnterInitMode
 .text.LL_RTC_ExitInitMode
                0x000000000800983e       0x5e ./Drivers/STM32F1xx_HAL_Driver/Src/stm32f1xx_ll_rtc.o
                0x000000000800983e                LL_RTC_ExitInitMode
 .text.LL_RTC_WaitForSynchro
                0x000000000800989c       0x5e ./Drivers/STM32F1xx_HAL_Driver/Src/stm32f1xx_ll_rtc.o
                0x000000000800989c                LL_RTC_WaitForSynchro
 .text.__itoa   0x00000000080098fa       0x30 C:/ST/STM32CubeIDE_1.13.0/STM32CubeIDE/plugins/com.st.stm32cube.ide.mcu.externaltools.gnu-tools-for-stm32.11.3.rel1.win32_1.1.0.202305231506/tools/bin/../lib/gcc/arm-none-eabi/11.3.1/../../../../arm-none-eabi/lib/thumb/v7-m/nofp\libc_nano.a(libc_a-itoa.o)
                0x00000000080098fa                __itoa
 .text.itoa     0x000000000800992a        0x4 C:/ST/STM32CubeIDE_1.13.0/STM32CubeIDE/plugins/com.st.stm32cube.ide.mcu.externaltools.gnu-tools-for-stm32.11.3.rel1.win32_1.1.0.202305231506/tools/bin/../lib/gcc/arm-none-eabi/11.3.1/../../../../arm-none-eabi/lib/thumb/v7-m/nofp\libc_nano.a(libc_a-itoa.o)
                0x000000000800992a                itoa
 *fill*         0x000000000800992e        0x2 
 .text.malloc   0x0000000008009930       0x10 C:/ST/STM32CubeIDE_1.13.0/STM32CubeIDE/plugins/com.st.stm32cube.ide.mcu.externaltools.gnu-tools-for-stm32.11.3.rel1.win32_1.1.0.202305231506/tools/bin/../lib/gcc/arm-none-eabi/11.3.1/../../../../arm-none-eabi/lib/thumb/v7-m/nofp\libc_nano.a(libc_a-malloc.o)
                0x0000000008009930                malloc
 .text.free     0x0000000008009940       0x10 C:/ST/STM32CubeIDE_1.13.0/STM32CubeIDE/plugins/com.st.stm32cube.ide.mcu.externaltools.gnu-tools-for-stm32.11.3.rel1.win32_1.1.0.202305231506/tools/bin/../lib/gcc/arm-none-eabi/11.3.1/../../../../arm-none-eabi/lib/thumb/v7-m/nofp\libc_nano.a(libc_a-malloc.o)
                0x0000000008009940                free
 .text.sbrk_aligned
                0x0000000008009950       0x40 C:/ST/STM32CubeIDE_1.13.0/STM32CubeIDE/plugins/com.st.stm32cube.ide.mcu.externaltools.gnu-tools-for-stm32.11.3.rel1.win32_1.1.0.202305231506/tools/bin/../lib/gcc/arm-none-eabi/11.3.1/../../../../arm-none-eabi/lib/thumb/v7-m/nofp\libc_nano.a(libc_a-mallocr.o)
 .text._malloc_r
                0x0000000008009990      0x100 C:/ST/STM32CubeIDE_1.13.0/STM32CubeIDE/plugins/com.st.stm32cube.ide.mcu.externaltools.gnu-tools-for-stm32.11.3.rel1.win32_1.1.0.202305231506/tools/bin/../lib/gcc/arm-none-eabi/11.3.1/../../../../arm-none-eabi/lib/thumb/v7-m/nofp\libc_nano.a(libc_a-mallocr.o)
                0x0000000008009990                _malloc_r
 .text.__malloc_lock
                0x0000000008009a90        0xc C:/ST/STM32CubeIDE_1.13.0/STM32CubeIDE/plugins/com.st.stm32cube.ide.mcu.externaltools.gnu-tools-for-stm32.11.3.rel1.win32_1.1.0.202305231506/tools/bin/../lib/gcc/arm-none-eabi/11.3.1/../../../../arm-none-eabi/lib/thumb/v7-m/nofp\libc_nano.a(libc_a-mlock.o)
                0x0000000008009a90                __malloc_lock
 .text.__malloc_unlock
                0x0000000008009a9c        0xc C:/ST/STM32CubeIDE_1.13.0/STM32CubeIDE/plugins/com.st.stm32cube.ide.mcu.externaltools.gnu-tools-for-stm32.11.3.rel1.win32_1.1.0.202305231506/tools/bin/../lib/gcc/arm-none-eabi/11.3.1/../../../../arm-none-eabi/lib/thumb/v7-m/nofp\libc_nano.a(libc_a-mlock.o)
                0x0000000008009a9c                __malloc_unlock
 .text.realloc  0x0000000008009aa8       0x10 C:/ST/STM32CubeIDE_1.13.0/STM32CubeIDE/plugins/com.st.stm32cube.ide.mcu.externaltools.gnu-tools-for-stm32.11.3.rel1.win32_1.1.0.202305231506/tools/bin/../lib/gcc/arm-none-eabi/11.3.1/../../../../arm-none-eabi/lib/thumb/v7-m/nofp\libc_nano.a(libc_a-realloc.o)
                0x0000000008009aa8                realloc
 .text._realloc_r
                0x0000000008009ab8       0x5e C:/ST/STM32CubeIDE_1.13.0/STM32CubeIDE/plugins/com.st.stm32cube.ide.mcu.externaltools.gnu-tools-for-stm32.11.3.rel1.win32_1.1.0.202305231506/tools/bin/../lib/gcc/arm-none-eabi/11.3.1/../../../../arm-none-eabi/lib/thumb/v7-m/nofp\libc_nano.a(libc_a-reallocr.o)
                0x0000000008009ab8                _realloc_r
 .text.sulp     0x0000000008009b16       0x42 C:/ST/STM32CubeIDE_1.13.0/STM32CubeIDE/plugins/com.st.stm32cube.ide.mcu.externaltools.gnu-tools-for-stm32.11.3.rel1.win32_1.1.0.202305231506/tools/bin/../lib/gcc/arm-none-eabi/11.3.1/../../../../arm-none-eabi/lib/thumb/v7-m/nofp\libc_nano.a(libc_a-strtod.o)
 .text._strtod_l
                0x0000000008009b58      0xbe8 C:/ST/STM32CubeIDE_1.13.0/STM32CubeIDE/plugins/com.st.stm32cube.ide.mcu.externaltools.gnu-tools-for-stm32.11.3.rel1.win32_1.1.0.202305231506/tools/bin/../lib/gcc/arm-none-eabi/11.3.1/../../../../arm-none-eabi/lib/thumb/v7-m/nofp\libc_nano.a(libc_a-strtod.o)
                0x0000000008009b58                _strtod_l
 .text._strtod_r
                0x000000000800a740        0xc C:/ST/STM32CubeIDE_1.13.0/STM32CubeIDE/plugins/com.st.stm32cube.ide.mcu.externaltools.gnu-tools-for-stm32.11.3.rel1.win32_1.1.0.202305231506/tools/bin/../lib/gcc/arm-none-eabi/11.3.1/../../../../arm-none-eabi/lib/thumb/v7-m/nofp\libc_nano.a(libc_a-strtod.o)
                0x000000000800a740                _strtod_r
 .text._strtol_l.constprop.0
                0x000000000800a74c       0xfc C:/ST/STM32CubeIDE_1.13.0/STM32CubeIDE/plugins/com.st.stm32cube.ide.mcu.externaltools.gnu-tools-for-stm32.11.3.rel1.win32_1.1.0.202305231506/tools/bin/../lib/gcc/arm-none-eabi/11.3.1/../../../../arm-none-eabi/lib/thumb/v7-m/nofp\libc_nano.a(libc_a-strtol.o)
 .text._strtol_r
                0x000000000800a848        0x4 C:/ST/STM32CubeIDE_1.13.0/STM32CubeIDE/plugins/com.st.stm32cube.ide.mcu.externaltools.gnu-tools-for-stm32.11.3.rel1.win32_1.1.0.202305231506/tools/bin/../lib/gcc/arm-none-eabi/11.3.1/../../../../arm-none-eabi/lib/thumb/v7-m/nofp\libc_nano.a(libc_a-strtol.o)
                0x000000000800a848                _strtol_r
 .text.__utoa   0x000000000800a84c       0x84 C:/ST/STM32CubeIDE_1.13.0/STM32CubeIDE/plugins/com.st.stm32cube.ide.mcu.externaltools.gnu-tools-for-stm32.11.3.rel1.win32_1.1.0.202305231506/tools/bin/../lib/gcc/arm-none-eabi/11.3.1/../../../../arm-none-eabi/lib/thumb/v7-m/nofp\libc_nano.a(libc_a-utoa.o)
                0x000000000800a84c                __utoa
 .text.__cvt    0x000000000800a8d0       0xbe C:/ST/STM32CubeIDE_1.13.0/STM32CubeIDE/plugins/com.st.stm32cube.ide.mcu.externaltools.gnu-tools-for-stm32.11.3.rel1.win32_1.1.0.202305231506/tools/bin/../lib/gcc/arm-none-eabi/11.3.1/../../../../arm-none-eabi/lib/thumb/v7-m/nofp\libc_nano.a(libc_a-nano-vfprintf_float.o)
                0x000000000800a8d0                __cvt
 .text.__exponent
                0x000000000800a98e       0x7a C:/ST/STM32CubeIDE_1.13.0/STM32CubeIDE/plugins/com.st.stm32cube.ide.mcu.externaltools.gnu-tools-for-stm32.11.3.rel1.win32_1.1.0.202305231506/tools/bin/../lib/gcc/arm-none-eabi/11.3.1/../../../../arm-none-eabi/lib/thumb/v7-m/nofp\libc_nano.a(libc_a-nano-vfprintf_float.o)
                0x000000000800a98e                __exponent
 .text._printf_float
                0x000000000800aa08      0x45c C:/ST/STM32CubeIDE_1.13.0/STM32CubeIDE/plugins/com.st.stm32cube.ide.mcu.externaltools.gnu-tools-for-stm32.11.3.rel1.win32_1.1.0.202305231506/tools/bin/../lib/gcc/arm-none-eabi/11.3.1/../../../../arm-none-eabi/lib/thumb/v7-m/nofp\libc_nano.a(libc_a-nano-vfprintf_float.o)
                0x000000000800aa08                _printf_float
 .text._printf_common
                0x000000000800ae64       0xe4 C:/ST/STM32CubeIDE_1.13.0/STM32CubeIDE/plugins/com.st.stm32cube.ide.mcu.externaltools.gnu-tools-for-stm32.11.3.rel1.win32_1.1.0.202305231506/tools/bin/../lib/gcc/arm-none-eabi/11.3.1/../../../../arm-none-eabi/lib/thumb/v7-m/nofp\libc_nano.a(libc_a-nano-vfprintf_i.o)
                0x000000000800ae64                _printf_common
 .text._printf_i
                0x000000000800af48      0x244 C:/ST/STM32CubeIDE_1.13.0/STM32CubeIDE/plugins/com.st.stm32cube.ide.mcu.externaltools.gnu-tools-for-stm32.11.3.rel1.win32_1.1.0.202305231506/tools/bin/../lib/gcc/arm-none-eabi/11.3.1/../../../../arm-none-eabi/lib/thumb/v7-m/nofp\libc_nano.a(libc_a-nano-vfprintf_i.o)
                0x000000000800af48                _printf_i
 .text._scanf_float
                0x000000000800b18c      0x41c C:/ST/STM32CubeIDE_1.13.0/STM32CubeIDE/plugins/com.st.stm32cube.ide.mcu.externaltools.gnu-tools-for-stm32.11.3.rel1.win32_1.1.0.202305231506/tools/bin/../lib/gcc/arm-none-eabi/11.3.1/../../../../arm-none-eabi/lib/thumb/v7-m/nofp\libc_nano.a(libc_a-nano-vfscanf_float.o)
                0x000000000800b18c                _scanf_float
 .text.std      0x000000000800b5a8       0x48 C:/ST/STM32CubeIDE_1.13.0/STM32CubeIDE/plugins/com.st.stm32cube.ide.mcu.externaltools.gnu-tools-for-stm32.11.3.rel1.win32_1.1.0.202305231506/tools/bin/../lib/gcc/arm-none-eabi/11.3.1/../../../../arm-none-eabi/lib/thumb/v7-m/nofp\libc_nano.a(libc_a-findfp.o)
 .text.stdio_exit_handler
                0x000000000800b5f0       0x18 C:/ST/STM32CubeIDE_1.13.0/STM32CubeIDE/plugins/com.st.stm32cube.ide.mcu.externaltools.gnu-tools-for-stm32.11.3.rel1.win32_1.1.0.202305231506/tools/bin/../lib/gcc/arm-none-eabi/11.3.1/../../../../arm-none-eabi/lib/thumb/v7-m/nofp\libc_nano.a(libc_a-findfp.o)
 .text.cleanup_stdio
                0x000000000800b608       0x40 C:/ST/STM32CubeIDE_1.13.0/STM32CubeIDE/plugins/com.st.stm32cube.ide.mcu.externaltools.gnu-tools-for-stm32.11.3.rel1.win32_1.1.0.202305231506/tools/bin/../lib/gcc/arm-none-eabi/11.3.1/../../../../arm-none-eabi/lib/thumb/v7-m/nofp\libc_nano.a(libc_a-findfp.o)
 .text.global_stdio_init.part.0
                0x000000000800b648       0x3c C:/ST/STM32CubeIDE_1.13.0/STM32CubeIDE/plugins/com.st.stm32cube.ide.mcu.externaltools.gnu-tools-for-stm32.11.3.rel1.win32_1.1.0.202305231506/tools/bin/../lib/gcc/arm-none-eabi/11.3.1/../../../../arm-none-eabi/lib/thumb/v7-m/nofp\libc_nano.a(libc_a-findfp.o)
 .text.__sfp_lock_acquire
                0x000000000800b684        0xc C:/ST/STM32CubeIDE_1.13.0/STM32CubeIDE/plugins/com.st.stm32cube.ide.mcu.externaltools.gnu-tools-for-stm32.11.3.rel1.win32_1.1.0.202305231506/tools/bin/../lib/gcc/arm-none-eabi/11.3.1/../../../../arm-none-eabi/lib/thumb/v7-m/nofp\libc_nano.a(libc_a-findfp.o)
                0x000000000800b684                __sfp_lock_acquire
 .text.__sfp_lock_release
                0x000000000800b690        0xc C:/ST/STM32CubeIDE_1.13.0/STM32CubeIDE/plugins/com.st.stm32cube.ide.mcu.externaltools.gnu-tools-for-stm32.11.3.rel1.win32_1.1.0.202305231506/tools/bin/../lib/gcc/arm-none-eabi/11.3.1/../../../../arm-none-eabi/lib/thumb/v7-m/nofp\libc_nano.a(libc_a-findfp.o)
                0x000000000800b690                __sfp_lock_release
 .text.__sinit  0x000000000800b69c       0x30 C:/ST/STM32CubeIDE_1.13.0/STM32CubeIDE/plugins/com.st.stm32cube.ide.mcu.externaltools.gnu-tools-for-stm32.11.3.rel1.win32_1.1.0.202305231506/tools/bin/../lib/gcc/arm-none-eabi/11.3.1/../../../../arm-none-eabi/lib/thumb/v7-m/nofp\libc_nano.a(libc_a-findfp.o)
                0x000000000800b69c                __sinit
 .text._fwalk_sglue
                0x000000000800b6cc       0x3c C:/ST/STM32CubeIDE_1.13.0/STM32CubeIDE/plugins/com.st.stm32cube.ide.mcu.externaltools.gnu-tools-for-stm32.11.3.rel1.win32_1.1.0.202305231506/tools/bin/../lib/gcc/arm-none-eabi/11.3.1/../../../../arm-none-eabi/lib/thumb/v7-m/nofp\libc_nano.a(libc_a-fwalk.o)
                0x000000000800b6cc                _fwalk_sglue
 .text.printf   0x000000000800b708       0x24 C:/ST/STM32CubeIDE_1.13.0/STM32CubeIDE/plugins/com.st.stm32cube.ide.mcu.externaltools.gnu-tools-for-stm32.11.3.rel1.win32_1.1.0.202305231506/tools/bin/../lib/gcc/arm-none-eabi/11.3.1/../../../../arm-none-eabi/lib/thumb/v7-m/nofp\libc_nano.a(libc_a-printf.o)
                0x000000000800b708                iprintf
                0x000000000800b708                printf
 .text._puts_r  0x000000000800b72c       0xa8 C:/ST/STM32CubeIDE_1.13.0/STM32CubeIDE/plugins/com.st.stm32cube.ide.mcu.externaltools.gnu-tools-for-stm32.11.3.rel1.win32_1.1.0.202305231506/tools/bin/../lib/gcc/arm-none-eabi/11.3.1/../../../../arm-none-eabi/lib/thumb/v7-m/nofp\libc_nano.a(libc_a-puts.o)
                0x000000000800b72c                _puts_r
 .text.puts     0x000000000800b7d4       0x10 C:/ST/STM32CubeIDE_1.13.0/STM32CubeIDE/plugins/com.st.stm32cube.ide.mcu.externaltools.gnu-tools-for-stm32.11.3.rel1.win32_1.1.0.202305231506/tools/bin/../lib/gcc/arm-none-eabi/11.3.1/../../../../arm-none-eabi/lib/thumb/v7-m/nofp\libc_nano.a(libc_a-puts.o)
                0x000000000800b7d4                puts
 .text.sprintf  0x000000000800b7e4       0x40 C:/ST/STM32CubeIDE_1.13.0/STM32CubeIDE/plugins/com.st.stm32cube.ide.mcu.externaltools.gnu-tools-for-stm32.11.3.rel1.win32_1.1.0.202305231506/tools/bin/../lib/gcc/arm-none-eabi/11.3.1/../../../../arm-none-eabi/lib/thumb/v7-m/nofp\libc_nano.a(libc_a-sprintf.o)
                0x000000000800b7e4                siprintf
                0x000000000800b7e4                sprintf
 .text.sscanf   0x000000000800b824       0x54 C:/ST/STM32CubeIDE_1.13.0/STM32CubeIDE/plugins/com.st.stm32cube.ide.mcu.externaltools.gnu-tools-for-stm32.11.3.rel1.win32_1.1.0.202305231506/tools/bin/../lib/gcc/arm-none-eabi/11.3.1/../../../../arm-none-eabi/lib/thumb/v7-m/nofp\libc_nano.a(libc_a-sscanf.o)
                0x000000000800b824                siscanf
                0x000000000800b824                sscanf
 .text.__sread  0x000000000800b878       0x22 C:/ST/STM32CubeIDE_1.13.0/STM32CubeIDE/plugins/com.st.stm32cube.ide.mcu.externaltools.gnu-tools-for-stm32.11.3.rel1.win32_1.1.0.202305231506/tools/bin/../lib/gcc/arm-none-eabi/11.3.1/../../../../arm-none-eabi/lib/thumb/v7-m/nofp\libc_nano.a(libc_a-stdio.o)
                0x000000000800b878                __sread
 .text.__seofread
                0x000000000800b89a        0x4 C:/ST/STM32CubeIDE_1.13.0/STM32CubeIDE/plugins/com.st.stm32cube.ide.mcu.externaltools.gnu-tools-for-stm32.11.3.rel1.win32_1.1.0.202305231506/tools/bin/../lib/gcc/arm-none-eabi/11.3.1/../../../../arm-none-eabi/lib/thumb/v7-m/nofp\libc_nano.a(libc_a-stdio.o)
                0x000000000800b89a                __seofread
 .text.__swrite
                0x000000000800b89e       0x38 C:/ST/STM32CubeIDE_1.13.0/STM32CubeIDE/plugins/com.st.stm32cube.ide.mcu.externaltools.gnu-tools-for-stm32.11.3.rel1.win32_1.1.0.202305231506/tools/bin/../lib/gcc/arm-none-eabi/11.3.1/../../../../arm-none-eabi/lib/thumb/v7-m/nofp\libc_nano.a(libc_a-stdio.o)
                0x000000000800b89e                __swrite
 .text.__sseek  0x000000000800b8d6       0x24 C:/ST/STM32CubeIDE_1.13.0/STM32CubeIDE/plugins/com.st.stm32cube.ide.mcu.externaltools.gnu-tools-for-stm32.11.3.rel1.win32_1.1.0.202305231506/tools/bin/../lib/gcc/arm-none-eabi/11.3.1/../../../../arm-none-eabi/lib/thumb/v7-m/nofp\libc_nano.a(libc_a-stdio.o)
                0x000000000800b8d6                __sseek
 .text.__sclose
                0x000000000800b8fa        0x8 C:/ST/STM32CubeIDE_1.13.0/STM32CubeIDE/plugins/com.st.stm32cube.ide.mcu.externaltools.gnu-tools-for-stm32.11.3.rel1.win32_1.1.0.202305231506/tools/bin/../lib/gcc/arm-none-eabi/11.3.1/../../../../arm-none-eabi/lib/thumb/v7-m/nofp\libc_nano.a(libc_a-stdio.o)
                0x000000000800b8fa                __sclose
 .text.__swbuf_r
                0x000000000800b902       0x7a C:/ST/STM32CubeIDE_1.13.0/STM32CubeIDE/plugins/com.st.stm32cube.ide.mcu.externaltools.gnu-tools-for-stm32.11.3.rel1.win32_1.1.0.202305231506/tools/bin/../lib/gcc/arm-none-eabi/11.3.1/../../../../arm-none-eabi/lib/thumb/v7-m/nofp\libc_nano.a(libc_a-wbuf.o)
                0x000000000800b902                __swbuf_r
 .text.__swsetup_r
                0x000000000800b97c       0xb0 C:/ST/STM32CubeIDE_1.13.0/STM32CubeIDE/plugins/com.st.stm32cube.ide.mcu.externaltools.gnu-tools-for-stm32.11.3.rel1.win32_1.1.0.202305231506/tools/bin/../lib/gcc/arm-none-eabi/11.3.1/../../../../arm-none-eabi/lib/thumb/v7-m/nofp\libc_nano.a(libc_a-wsetup.o)
                0x000000000800b97c                __swsetup_r
 .text.memset   0x000000000800ba2c       0x10 C:/ST/STM32CubeIDE_1.13.0/STM32CubeIDE/plugins/com.st.stm32cube.ide.mcu.externaltools.gnu-tools-for-stm32.11.3.rel1.win32_1.1.0.202305231506/tools/bin/../lib/gcc/arm-none-eabi/11.3.1/../../../../arm-none-eabi/lib/thumb/v7-m/nofp\libc_nano.a(libc_a-memset.o)
                0x000000000800ba2c                memset
 .text.strcat   0x000000000800ba3c       0x1e C:/ST/STM32CubeIDE_1.13.0/STM32CubeIDE/plugins/com.st.stm32cube.ide.mcu.externaltools.gnu-tools-for-stm32.11.3.rel1.win32_1.1.0.202305231506/tools/bin/../lib/gcc/arm-none-eabi/11.3.1/../../../../arm-none-eabi/lib/thumb/v7-m/nofp\libc_nano.a(libc_a-strcat.o)
                0x000000000800ba3c                strcat
 .text.strncmp  0x000000000800ba5a       0x24 C:/ST/STM32CubeIDE_1.13.0/STM32CubeIDE/plugins/com.st.stm32cube.ide.mcu.externaltools.gnu-tools-for-stm32.11.3.rel1.win32_1.1.0.202305231506/tools/bin/../lib/gcc/arm-none-eabi/11.3.1/../../../../arm-none-eabi/lib/thumb/v7-m/nofp\libc_nano.a(libc_a-strncmp.o)
                0x000000000800ba5a                strncmp
 .text.strncpy  0x000000000800ba7e       0x26 C:/ST/STM32CubeIDE_1.13.0/STM32CubeIDE/plugins/com.st.stm32cube.ide.mcu.externaltools.gnu-tools-for-stm32.11.3.rel1.win32_1.1.0.202305231506/tools/bin/../lib/gcc/arm-none-eabi/11.3.1/../../../../arm-none-eabi/lib/thumb/v7-m/nofp\libc_nano.a(libc_a-strncpy.o)
                0x000000000800ba7e                strncpy
 .text._localeconv_r
                0x000000000800baa4        0x8 C:/ST/STM32CubeIDE_1.13.0/STM32CubeIDE/plugins/com.st.stm32cube.ide.mcu.externaltools.gnu-tools-for-stm32.11.3.rel1.win32_1.1.0.202305231506/tools/bin/../lib/gcc/arm-none-eabi/11.3.1/../../../../arm-none-eabi/lib/thumb/v7-m/nofp\libc_nano.a(libc_a-localeconv.o)
                0x000000000800baa4                _localeconv_r
 .text._close_r
                0x000000000800baac       0x20 C:/ST/STM32CubeIDE_1.13.0/STM32CubeIDE/plugins/com.st.stm32cube.ide.mcu.externaltools.gnu-tools-for-stm32.11.3.rel1.win32_1.1.0.202305231506/tools/bin/../lib/gcc/arm-none-eabi/11.3.1/../../../../arm-none-eabi/lib/thumb/v7-m/nofp\libc_nano.a(libc_a-closer.o)
                0x000000000800baac                _close_r
 .text._lseek_r
                0x000000000800bacc       0x24 C:/ST/STM32CubeIDE_1.13.0/STM32CubeIDE/plugins/com.st.stm32cube.ide.mcu.externaltools.gnu-tools-for-stm32.11.3.rel1.win32_1.1.0.202305231506/tools/bin/../lib/gcc/arm-none-eabi/11.3.1/../../../../arm-none-eabi/lib/thumb/v7-m/nofp\libc_nano.a(libc_a-lseekr.o)
                0x000000000800bacc                _lseek_r
 .text._read_r  0x000000000800baf0       0x24 C:/ST/STM32CubeIDE_1.13.0/STM32CubeIDE/plugins/com.st.stm32cube.ide.mcu.externaltools.gnu-tools-for-stm32.11.3.rel1.win32_1.1.0.202305231506/tools/bin/../lib/gcc/arm-none-eabi/11.3.1/../../../../arm-none-eabi/lib/thumb/v7-m/nofp\libc_nano.a(libc_a-readr.o)
                0x000000000800baf0                _read_r
 .text._sbrk_r  0x000000000800bb14       0x20 C:/ST/STM32CubeIDE_1.13.0/STM32CubeIDE/plugins/com.st.stm32cube.ide.mcu.externaltools.gnu-tools-for-stm32.11.3.rel1.win32_1.1.0.202305231506/tools/bin/../lib/gcc/arm-none-eabi/11.3.1/../../../../arm-none-eabi/lib/thumb/v7-m/nofp\libc_nano.a(libc_a-sbrkr.o)
                0x000000000800bb14                _sbrk_r
 .text._write_r
                0x000000000800bb34       0x24 C:/ST/STM32CubeIDE_1.13.0/STM32CubeIDE/plugins/com.st.stm32cube.ide.mcu.externaltools.gnu-tools-for-stm32.11.3.rel1.win32_1.1.0.202305231506/tools/bin/../lib/gcc/arm-none-eabi/11.3.1/../../../../arm-none-eabi/lib/thumb/v7-m/nofp\libc_nano.a(libc_a-writer.o)
                0x000000000800bb34                _write_r
 .text.__errno  0x000000000800bb58        0xc C:/ST/STM32CubeIDE_1.13.0/STM32CubeIDE/plugins/com.st.stm32cube.ide.mcu.externaltools.gnu-tools-for-stm32.11.3.rel1.win32_1.1.0.202305231506/tools/bin/../lib/gcc/arm-none-eabi/11.3.1/../../../../arm-none-eabi/lib/thumb/v7-m/nofp\libc_nano.a(libc_a-errno.o)
                0x000000000800bb58                __errno
 .text.__libc_init_array
                0x000000000800bb64       0x48 C:/ST/STM32CubeIDE_1.13.0/STM32CubeIDE/plugins/com.st.stm32cube.ide.mcu.externaltools.gnu-tools-for-stm32.11.3.rel1.win32_1.1.0.202305231506/tools/bin/../lib/gcc/arm-none-eabi/11.3.1/../../../../arm-none-eabi/lib/thumb/v7-m/nofp\libc_nano.a(libc_a-init.o)
                0x000000000800bb64                __libc_init_array
 .text.__retarget_lock_acquire_recursive
                0x000000000800bbac        0x2 C:/ST/STM32CubeIDE_1.13.0/STM32CubeIDE/plugins/com.st.stm32cube.ide.mcu.externaltools.gnu-tools-for-stm32.11.3.rel1.win32_1.1.0.202305231506/tools/bin/../lib/gcc/arm-none-eabi/11.3.1/../../../../arm-none-eabi/lib/thumb/v7-m/nofp\libc_nano.a(libc_a-lock.o)
                0x000000000800bbac                __retarget_lock_acquire_recursive
 .text.__retarget_lock_release_recursive
                0x000000000800bbae        0x2 C:/ST/STM32CubeIDE_1.13.0/STM32CubeIDE/plugins/com.st.stm32cube.ide.mcu.externaltools.gnu-tools-for-stm32.11.3.rel1.win32_1.1.0.202305231506/tools/bin/../lib/gcc/arm-none-eabi/11.3.1/../../../../arm-none-eabi/lib/thumb/v7-m/nofp\libc_nano.a(libc_a-lock.o)
                0x000000000800bbae                __retarget_lock_release_recursive
 .text.strcpy   0x000000000800bbb0       0x10 C:/ST/STM32CubeIDE_1.13.0/STM32CubeIDE/plugins/com.st.stm32cube.ide.mcu.externaltools.gnu-tools-for-stm32.11.3.rel1.win32_1.1.0.202305231506/tools/bin/../lib/gcc/arm-none-eabi/11.3.1/../../../../arm-none-eabi/lib/thumb/v7-m/nofp\libc_nano.a(libc_a-strcpy.o)
                0x000000000800bbb0                strcpy
 .text.memchr   0x000000000800bbc0       0x1c C:/ST/STM32CubeIDE_1.13.0/STM32CubeIDE/plugins/com.st.stm32cube.ide.mcu.externaltools.gnu-tools-for-stm32.11.3.rel1.win32_1.1.0.202305231506/tools/bin/../lib/gcc/arm-none-eabi/11.3.1/../../../../arm-none-eabi/lib/thumb/v7-m/nofp\libc_nano.a(libc_a-memchr-stub.o)
                0x000000000800bbc0                memchr
 .text.memcpy   0x000000000800bbdc       0x1c C:/ST/STM32CubeIDE_1.13.0/STM32CubeIDE/plugins/com.st.stm32cube.ide.mcu.externaltools.gnu-tools-for-stm32.11.3.rel1.win32_1.1.0.202305231506/tools/bin/../lib/gcc/arm-none-eabi/11.3.1/../../../../arm-none-eabi/lib/thumb/v7-m/nofp\libc_nano.a(libc_a-memcpy-stub.o)
                0x000000000800bbdc                memcpy
 .text.nan      0x000000000800bbf8        0xc C:/ST/STM32CubeIDE_1.13.0/STM32CubeIDE/plugins/com.st.stm32cube.ide.mcu.externaltools.gnu-tools-for-stm32.11.3.rel1.win32_1.1.0.202305231506/tools/bin/../lib/gcc/arm-none-eabi/11.3.1/../../../../arm-none-eabi/lib/thumb/v7-m/nofp\libc_nano.a(libm_a-s_nan.o)
                0x000000000800bbf8                nan
 .text.nanf     0x000000000800bc04        0x8 C:/ST/STM32CubeIDE_1.13.0/STM32CubeIDE/plugins/com.st.stm32cube.ide.mcu.externaltools.gnu-tools-for-stm32.11.3.rel1.win32_1.1.0.202305231506/tools/bin/../lib/gcc/arm-none-eabi/11.3.1/../../../../arm-none-eabi/lib/thumb/v7-m/nofp\libc_nano.a(libm_a-sf_nan.o)
                0x000000000800bc04                nanf
 .text.quorem   0x000000000800bc0c      0x112 C:/ST/STM32CubeIDE_1.13.0/STM32CubeIDE/plugins/com.st.stm32cube.ide.mcu.externaltools.gnu-tools-for-stm32.11.3.rel1.win32_1.1.0.202305231506/tools/bin/../lib/gcc/arm-none-eabi/11.3.1/../../../../arm-none-eabi/lib/thumb/v7-m/nofp\libc_nano.a(libc_a-dtoa.o)
 *fill*         0x000000000800bd1e        0x2 
 .text._dtoa_r  0x000000000800bd20      0xbc8 C:/ST/STM32CubeIDE_1.13.0/STM32CubeIDE/plugins/com.st.stm32cube.ide.mcu.externaltools.gnu-tools-for-stm32.11.3.rel1.win32_1.1.0.202305231506/tools/bin/../lib/gcc/arm-none-eabi/11.3.1/../../../../arm-none-eabi/lib/thumb/v7-m/nofp\libc_nano.a(libc_a-dtoa.o)
                0x000000000800bd20                _dtoa_r
 .text._free_r  0x000000000800c8e8       0x90 C:/ST/STM32CubeIDE_1.13.0/STM32CubeIDE/plugins/com.st.stm32cube.ide.mcu.externaltools.gnu-tools-for-stm32.11.3.rel1.win32_1.1.0.202305231506/tools/bin/../lib/gcc/arm-none-eabi/11.3.1/../../../../arm-none-eabi/lib/thumb/v7-m/nofp\libc_nano.a(libc_a-freer.o)
                0x000000000800c8e8                _free_r
 .text.rshift   0x000000000800c978       0xa6 C:/ST/STM32CubeIDE_1.13.0/STM32CubeIDE/plugins/com.st.stm32cube.ide.mcu.externaltools.gnu-tools-for-stm32.11.3.rel1.win32_1.1.0.202305231506/tools/bin/../lib/gcc/arm-none-eabi/11.3.1/../../../../arm-none-eabi/lib/thumb/v7-m/nofp\libc_nano.a(libc_a-gdtoa-gethex.o)
 .text.__hexdig_fun
                0x000000000800ca1e       0x2a C:/ST/STM32CubeIDE_1.13.0/STM32CubeIDE/plugins/com.st.stm32cube.ide.mcu.externaltools.gnu-tools-for-stm32.11.3.rel1.win32_1.1.0.202305231506/tools/bin/../lib/gcc/arm-none-eabi/11.3.1/../../../../arm-none-eabi/lib/thumb/v7-m/nofp\libc_nano.a(libc_a-gdtoa-gethex.o)
                0x000000000800ca1e                __hexdig_fun
 .text.__gethex
                0x000000000800ca48      0x460 C:/ST/STM32CubeIDE_1.13.0/STM32CubeIDE/plugins/com.st.stm32cube.ide.mcu.externaltools.gnu-tools-for-stm32.11.3.rel1.win32_1.1.0.202305231506/tools/bin/../lib/gcc/arm-none-eabi/11.3.1/../../../../arm-none-eabi/lib/thumb/v7-m/nofp\libc_nano.a(libc_a-gdtoa-gethex.o)
                0x000000000800ca48                __gethex
 .text.L_shift  0x000000000800cea8       0x24 C:/ST/STM32CubeIDE_1.13.0/STM32CubeIDE/plugins/com.st.stm32cube.ide.mcu.externaltools.gnu-tools-for-stm32.11.3.rel1.win32_1.1.0.202305231506/tools/bin/../lib/gcc/arm-none-eabi/11.3.1/../../../../arm-none-eabi/lib/thumb/v7-m/nofp\libc_nano.a(libc_a-gdtoa-hexnan.o)
 .text.__match  0x000000000800cecc       0x28 C:/ST/STM32CubeIDE_1.13.0/STM32CubeIDE/plugins/com.st.stm32cube.ide.mcu.externaltools.gnu-tools-for-stm32.11.3.rel1.win32_1.1.0.202305231506/tools/bin/../lib/gcc/arm-none-eabi/11.3.1/../../../../arm-none-eabi/lib/thumb/v7-m/nofp\libc_nano.a(libc_a-gdtoa-hexnan.o)
                0x000000000800cecc                __match
 .text.__hexnan
                0x000000000800cef4      0x136 C:/ST/STM32CubeIDE_1.13.0/STM32CubeIDE/plugins/com.st.stm32cube.ide.mcu.externaltools.gnu-tools-for-stm32.11.3.rel1.win32_1.1.0.202305231506/tools/bin/../lib/gcc/arm-none-eabi/11.3.1/../../../../arm-none-eabi/lib/thumb/v7-m/nofp\libc_nano.a(libc_a-gdtoa-hexnan.o)
                0x000000000800cef4                __hexnan
 .text.__ascii_mbtowc
                0x000000000800d02a       0x24 C:/ST/STM32CubeIDE_1.13.0/STM32CubeIDE/plugins/com.st.stm32cube.ide.mcu.externaltools.gnu-tools-for-stm32.11.3.rel1.win32_1.1.0.202305231506/tools/bin/../lib/gcc/arm-none-eabi/11.3.1/../../../../arm-none-eabi/lib/thumb/v7-m/nofp\libc_nano.a(libc_a-mbtowc_r.o)
                0x000000000800d02a                __ascii_mbtowc
 *fill*         0x000000000800d04e        0x2 
 .text._Balloc  0x000000000800d050       0x80 C:/ST/STM32CubeIDE_1.13.0/STM32CubeIDE/plugins/com.st.stm32cube.ide.mcu.externaltools.gnu-tools-for-stm32.11.3.rel1.win32_1.1.0.202305231506/tools/bin/../lib/gcc/arm-none-eabi/11.3.1/../../../../arm-none-eabi/lib/thumb/v7-m/nofp\libc_nano.a(libc_a-mprec.o)
                0x000000000800d050                _Balloc
 .text._Bfree   0x000000000800d0d0       0x44 C:/ST/STM32CubeIDE_1.13.0/STM32CubeIDE/plugins/com.st.stm32cube.ide.mcu.externaltools.gnu-tools-for-stm32.11.3.rel1.win32_1.1.0.202305231506/tools/bin/../lib/gcc/arm-none-eabi/11.3.1/../../../../arm-none-eabi/lib/thumb/v7-m/nofp\libc_nano.a(libc_a-mprec.o)
                0x000000000800d0d0                _Bfree
 .text.__multadd
                0x000000000800d114       0x8c C:/ST/STM32CubeIDE_1.13.0/STM32CubeIDE/plugins/com.st.stm32cube.ide.mcu.externaltools.gnu-tools-for-stm32.11.3.rel1.win32_1.1.0.202305231506/tools/bin/../lib/gcc/arm-none-eabi/11.3.1/../../../../arm-none-eabi/lib/thumb/v7-m/nofp\libc_nano.a(libc_a-mprec.o)
                0x000000000800d114                __multadd
 .text.__s2b    0x000000000800d1a0       0x94 C:/ST/STM32CubeIDE_1.13.0/STM32CubeIDE/plugins/com.st.stm32cube.ide.mcu.externaltools.gnu-tools-for-stm32.11.3.rel1.win32_1.1.0.202305231506/tools/bin/../lib/gcc/arm-none-eabi/11.3.1/../../../../arm-none-eabi/lib/thumb/v7-m/nofp\libc_nano.a(libc_a-mprec.o)
                0x000000000800d1a0                __s2b
 .text.__hi0bits
                0x000000000800d234       0x40 C:/ST/STM32CubeIDE_1.13.0/STM32CubeIDE/plugins/com.st.stm32cube.ide.mcu.externaltools.gnu-tools-for-stm32.11.3.rel1.win32_1.1.0.202305231506/tools/bin/../lib/gcc/arm-none-eabi/11.3.1/../../../../arm-none-eabi/lib/thumb/v7-m/nofp\libc_nano.a(libc_a-mprec.o)
                0x000000000800d234                __hi0bits
 .text.__lo0bits
                0x000000000800d274       0x5a C:/ST/STM32CubeIDE_1.13.0/STM32CubeIDE/plugins/com.st.stm32cube.ide.mcu.externaltools.gnu-tools-for-stm32.11.3.rel1.win32_1.1.0.202305231506/tools/bin/../lib/gcc/arm-none-eabi/11.3.1/../../../../arm-none-eabi/lib/thumb/v7-m/nofp\libc_nano.a(libc_a-mprec.o)
                0x000000000800d274                __lo0bits
 *fill*         0x000000000800d2ce        0x2 
 .text.__i2b    0x000000000800d2d0       0x2c C:/ST/STM32CubeIDE_1.13.0/STM32CubeIDE/plugins/com.st.stm32cube.ide.mcu.externaltools.gnu-tools-for-stm32.11.3.rel1.win32_1.1.0.202305231506/tools/bin/../lib/gcc/arm-none-eabi/11.3.1/../../../../arm-none-eabi/lib/thumb/v7-m/nofp\libc_nano.a(libc_a-mprec.o)
                0x000000000800d2d0                __i2b
 .text.__multiply
                0x000000000800d2fc      0x150 C:/ST/STM32CubeIDE_1.13.0/STM32CubeIDE/plugins/com.st.stm32cube.ide.mcu.externaltools.gnu-tools-for-stm32.11.3.rel1.win32_1.1.0.202305231506/tools/bin/../lib/gcc/arm-none-eabi/11.3.1/../../../../arm-none-eabi/lib/thumb/v7-m/nofp\libc_nano.a(libc_a-mprec.o)
                0x000000000800d2fc                __multiply
 .text.__pow5mult
                0x000000000800d44c       0xb4 C:/ST/STM32CubeIDE_1.13.0/STM32CubeIDE/plugins/com.st.stm32cube.ide.mcu.externaltools.gnu-tools-for-stm32.11.3.rel1.win32_1.1.0.202305231506/tools/bin/../lib/gcc/arm-none-eabi/11.3.1/../../../../arm-none-eabi/lib/thumb/v7-m/nofp\libc_nano.a(libc_a-mprec.o)
                0x000000000800d44c                __pow5mult
 .text.__lshift
                0x000000000800d500       0xd8 C:/ST/STM32CubeIDE_1.13.0/STM32CubeIDE/plugins/com.st.stm32cube.ide.mcu.externaltools.gnu-tools-for-stm32.11.3.rel1.win32_1.1.0.202305231506/tools/bin/../lib/gcc/arm-none-eabi/11.3.1/../../../../arm-none-eabi/lib/thumb/v7-m/nofp\libc_nano.a(libc_a-mprec.o)
                0x000000000800d500                __lshift
 .text.__mcmp   0x000000000800d5d8       0x36 C:/ST/STM32CubeIDE_1.13.0/STM32CubeIDE/plugins/com.st.stm32cube.ide.mcu.externaltools.gnu-tools-for-stm32.11.3.rel1.win32_1.1.0.202305231506/tools/bin/../lib/gcc/arm-none-eabi/11.3.1/../../../../arm-none-eabi/lib/thumb/v7-m/nofp\libc_nano.a(libc_a-mprec.o)
                0x000000000800d5d8                __mcmp
 *fill*         0x000000000800d60e        0x2 
 .text.__mdiff  0x000000000800d610      0x118 C:/ST/STM32CubeIDE_1.13.0/STM32CubeIDE/plugins/com.st.stm32cube.ide.mcu.externaltools.gnu-tools-for-stm32.11.3.rel1.win32_1.1.0.202305231506/tools/bin/../lib/gcc/arm-none-eabi/11.3.1/../../../../arm-none-eabi/lib/thumb/v7-m/nofp\libc_nano.a(libc_a-mprec.o)
                0x000000000800d610                __mdiff
 .text.__ulp    0x000000000800d728       0x40 C:/ST/STM32CubeIDE_1.13.0/STM32CubeIDE/plugins/com.st.stm32cube.ide.mcu.externaltools.gnu-tools-for-stm32.11.3.rel1.win32_1.1.0.202305231506/tools/bin/../lib/gcc/arm-none-eabi/11.3.1/../../../../arm-none-eabi/lib/thumb/v7-m/nofp\libc_nano.a(libc_a-mprec.o)
                0x000000000800d728                __ulp
 .text.__b2d    0x000000000800d768       0x90 C:/ST/STM32CubeIDE_1.13.0/STM32CubeIDE/plugins/com.st.stm32cube.ide.mcu.externaltools.gnu-tools-for-stm32.11.3.rel1.win32_1.1.0.202305231506/tools/bin/../lib/gcc/arm-none-eabi/11.3.1/../../../../arm-none-eabi/lib/thumb/v7-m/nofp\libc_nano.a(libc_a-mprec.o)
                0x000000000800d768                __b2d
 .text.__d2b    0x000000000800d7f8       0xac C:/ST/STM32CubeIDE_1.13.0/STM32CubeIDE/plugins/com.st.stm32cube.ide.mcu.externaltools.gnu-tools-for-stm32.11.3.rel1.win32_1.1.0.202305231506/tools/bin/../lib/gcc/arm-none-eabi/11.3.1/../../../../arm-none-eabi/lib/thumb/v7-m/nofp\libc_nano.a(libc_a-mprec.o)
                0x000000000800d7f8                __d2b
 .text.__ratio  0x000000000800d8a4       0x5c C:/ST/STM32CubeIDE_1.13.0/STM32CubeIDE/plugins/com.st.stm32cube.ide.mcu.externaltools.gnu-tools-for-stm32.11.3.rel1.win32_1.1.0.202305231506/tools/bin/../lib/gcc/arm-none-eabi/11.3.1/../../../../arm-none-eabi/lib/thumb/v7-m/nofp\libc_nano.a(libc_a-mprec.o)
                0x000000000800d8a4                __ratio
 .text.__copybits
                0x000000000800d900       0x46 C:/ST/STM32CubeIDE_1.13.0/STM32CubeIDE/plugins/com.st.stm32cube.ide.mcu.externaltools.gnu-tools-for-stm32.11.3.rel1.win32_1.1.0.202305231506/tools/bin/../lib/gcc/arm-none-eabi/11.3.1/../../../../arm-none-eabi/lib/thumb/v7-m/nofp\libc_nano.a(libc_a-mprec.o)
                0x000000000800d900                __copybits
 .text.__any_on
                0x000000000800d946       0x42 C:/ST/STM32CubeIDE_1.13.0/STM32CubeIDE/plugins/com.st.stm32cube.ide.mcu.externaltools.gnu-tools-for-stm32.11.3.rel1.win32_1.1.0.202305231506/tools/bin/../lib/gcc/arm-none-eabi/11.3.1/../../../../arm-none-eabi/lib/thumb/v7-m/nofp\libc_nano.a(libc_a-mprec.o)
                0x000000000800d946                __any_on
 .text._malloc_usable_size_r
                0x000000000800d988       0x10 C:/ST/STM32CubeIDE_1.13.0/STM32CubeIDE/plugins/com.st.stm32cube.ide.mcu.externaltools.gnu-tools-for-stm32.11.3.rel1.win32_1.1.0.202305231506/tools/bin/../lib/gcc/arm-none-eabi/11.3.1/../../../../arm-none-eabi/lib/thumb/v7-m/nofp\libc_nano.a(libc_a-msizer.o)
                0x000000000800d988                _malloc_usable_size_r
 .text.__ascii_wctomb
                0x000000000800d998       0x1a C:/ST/STM32CubeIDE_1.13.0/STM32CubeIDE/plugins/com.st.stm32cube.ide.mcu.externaltools.gnu-tools-for-stm32.11.3.rel1.win32_1.1.0.202305231506/tools/bin/../lib/gcc/arm-none-eabi/11.3.1/../../../../arm-none-eabi/lib/thumb/v7-m/nofp\libc_nano.a(libc_a-wctomb_r.o)
                0x000000000800d998                __ascii_wctomb
 .text.__ssputs_r
                0x000000000800d9b2       0xb4 C:/ST/STM32CubeIDE_1.13.0/STM32CubeIDE/plugins/com.st.stm32cube.ide.mcu.externaltools.gnu-tools-for-stm32.11.3.rel1.win32_1.1.0.202305231506/tools/bin/../lib/gcc/arm-none-eabi/11.3.1/../../../../arm-none-eabi/lib/thumb/v7-m/nofp\libc_nano.a(libc_a-nano-svfprintf.o)
                0x000000000800d9b2                __ssputs_r
 *fill*         0x000000000800da66        0x2 
 .text._svfprintf_r
                0x000000000800da68      0x1fc C:/ST/STM32CubeIDE_1.13.0/STM32CubeIDE/plugins/com.st.stm32cube.ide.mcu.externaltools.gnu-tools-for-stm32.11.3.rel1.win32_1.1.0.202305231506/tools/bin/../lib/gcc/arm-none-eabi/11.3.1/../../../../arm-none-eabi/lib/thumb/v7-m/nofp\libc_nano.a(libc_a-nano-svfprintf.o)
                0x000000000800da68                _svfiprintf_r
                0x000000000800da68                _svfprintf_r
 .text._sungetc_r
                0x000000000800dc64       0x7a C:/ST/STM32CubeIDE_1.13.0/STM32CubeIDE/plugins/com.st.stm32cube.ide.mcu.externaltools.gnu-tools-for-stm32.11.3.rel1.win32_1.1.0.202305231506/tools/bin/../lib/gcc/arm-none-eabi/11.3.1/../../../../arm-none-eabi/lib/thumb/v7-m/nofp\libc_nano.a(libc_a-nano-svfscanf.o)
                0x000000000800dc64                _sungetc_r
 .text.__ssrefill_r
                0x000000000800dcde       0x3a C:/ST/STM32CubeIDE_1.13.0/STM32CubeIDE/plugins/com.st.stm32cube.ide.mcu.externaltools.gnu-tools-for-stm32.11.3.rel1.win32_1.1.0.202305231506/tools/bin/../lib/gcc/arm-none-eabi/11.3.1/../../../../arm-none-eabi/lib/thumb/v7-m/nofp\libc_nano.a(libc_a-nano-svfscanf.o)
                0x000000000800dcde                __ssrefill_r
 .text.__ssvfscanf_r
                0x000000000800dd18      0x2f0 C:/ST/STM32CubeIDE_1.13.0/STM32CubeIDE/plugins/com.st.stm32cube.ide.mcu.externaltools.gnu-tools-for-stm32.11.3.rel1.win32_1.1.0.202305231506/tools/bin/../lib/gcc/arm-none-eabi/11.3.1/../../../../arm-none-eabi/lib/thumb/v7-m/nofp\libc_nano.a(libc_a-nano-svfscanf.o)
                0x000000000800dd18                __ssvfiscanf_r
                0x000000000800dd18                __ssvfscanf_r
 .text.__sfputc_r
                0x000000000800e008       0x2a C:/ST/STM32CubeIDE_1.13.0/STM32CubeIDE/plugins/com.st.stm32cube.ide.mcu.externaltools.gnu-tools-for-stm32.11.3.rel1.win32_1.1.0.202305231506/tools/bin/../lib/gcc/arm-none-eabi/11.3.1/../../../../arm-none-eabi/lib/thumb/v7-m/nofp\libc_nano.a(libc_a-nano-vfprintf.o)
 .text.__sfputs_r
                0x000000000800e032       0x24 C:/ST/STM32CubeIDE_1.13.0/STM32CubeIDE/plugins/com.st.stm32cube.ide.mcu.externaltools.gnu-tools-for-stm32.11.3.rel1.win32_1.1.0.202305231506/tools/bin/../lib/gcc/arm-none-eabi/11.3.1/../../../../arm-none-eabi/lib/thumb/v7-m/nofp\libc_nano.a(libc_a-nano-vfprintf.o)
                0x000000000800e032                __sfputs_r
 *fill*         0x000000000800e056        0x2 
 .text._vfprintf_r
                0x000000000800e058      0x234 C:/ST/STM32CubeIDE_1.13.0/STM32CubeIDE/plugins/com.st.stm32cube.ide.mcu.externaltools.gnu-tools-for-stm32.11.3.rel1.win32_1.1.0.202305231506/tools/bin/../lib/gcc/arm-none-eabi/11.3.1/../../../../arm-none-eabi/lib/thumb/v7-m/nofp\libc_nano.a(libc_a-nano-vfprintf.o)
                0x000000000800e058                _vfprintf_r
                0x000000000800e058                _vfiprintf_r
 .text._scanf_chars
                0x000000000800e28c       0xb4 C:/ST/STM32CubeIDE_1.13.0/STM32CubeIDE/plugins/com.st.stm32cube.ide.mcu.externaltools.gnu-tools-for-stm32.11.3.rel1.win32_1.1.0.202305231506/tools/bin/../lib/gcc/arm-none-eabi/11.3.1/../../../../arm-none-eabi/lib/thumb/v7-m/nofp\libc_nano.a(libc_a-nano-vfscanf_i.o)
                0x000000000800e28c                _scanf_chars
 .text._scanf_i
                0x000000000800e340      0x1e4 C:/ST/STM32CubeIDE_1.13.0/STM32CubeIDE/plugins/com.st.stm32cube.ide.mcu.externaltools.gnu-tools-for-stm32.11.3.rel1.win32_1.1.0.202305231506/tools/bin/../lib/gcc/arm-none-eabi/11.3.1/../../../../arm-none-eabi/lib/thumb/v7-m/nofp\libc_nano.a(libc_a-nano-vfscanf_i.o)
                0x000000000800e340                _scanf_i
 .text.__sflush_r
                0x000000000800e524      0x104 C:/ST/STM32CubeIDE_1.13.0/STM32CubeIDE/plugins/com.st.stm32cube.ide.mcu.externaltools.gnu-tools-for-stm32.11.3.rel1.win32_1.1.0.202305231506/tools/bin/../lib/gcc/arm-none-eabi/11.3.1/../../../../arm-none-eabi/lib/thumb/v7-m/nofp\libc_nano.a(libc_a-fflush.o)
                0x000000000800e524                __sflush_r
 .text._fflush_r
                0x000000000800e628       0x50 C:/ST/STM32CubeIDE_1.13.0/STM32CubeIDE/plugins/com.st.stm32cube.ide.mcu.externaltools.gnu-tools-for-stm32.11.3.rel1.win32_1.1.0.202305231506/tools/bin/../lib/gcc/arm-none-eabi/11.3.1/../../../../arm-none-eabi/lib/thumb/v7-m/nofp\libc_nano.a(libc_a-fflush.o)
                0x000000000800e628                _fflush_r
 .text.__swhatbuf_r
                0x000000000800e678       0x4a C:/ST/STM32CubeIDE_1.13.0/STM32CubeIDE/plugins/com.st.stm32cube.ide.mcu.externaltools.gnu-tools-for-stm32.11.3.rel1.win32_1.1.0.202305231506/tools/bin/../lib/gcc/arm-none-eabi/11.3.1/../../../../arm-none-eabi/lib/thumb/v7-m/nofp\libc_nano.a(libc_a-makebuf.o)
                0x000000000800e678                __swhatbuf_r
 .text.__smakebuf_r
                0x000000000800e6c2       0x78 C:/ST/STM32CubeIDE_1.13.0/STM32CubeIDE/plugins/com.st.stm32cube.ide.mcu.externaltools.gnu-tools-for-stm32.11.3.rel1.win32_1.1.0.202305231506/tools/bin/../lib/gcc/arm-none-eabi/11.3.1/../../../../arm-none-eabi/lib/thumb/v7-m/nofp\libc_nano.a(libc_a-makebuf.o)
                0x000000000800e6c2                __smakebuf_r
 .text.__sccl   0x000000000800e73a       0x72 C:/ST/STM32CubeIDE_1.13.0/STM32CubeIDE/plugins/com.st.stm32cube.ide.mcu.externaltools.gnu-tools-for-stm32.11.3.rel1.win32_1.1.0.202305231506/tools/bin/../lib/gcc/arm-none-eabi/11.3.1/../../../../arm-none-eabi/lib/thumb/v7-m/nofp\libc_nano.a(libc_a-sccl.o)
                0x000000000800e73a                __sccl
 .text.__submore
                0x000000000800e7ac       0x70 C:/ST/STM32CubeIDE_1.13.0/STM32CubeIDE/plugins/com.st.stm32cube.ide.mcu.externaltools.gnu-tools-for-stm32.11.3.rel1.win32_1.1.0.202305231506/tools/bin/../lib/gcc/arm-none-eabi/11.3.1/../../../../arm-none-eabi/lib/thumb/v7-m/nofp\libc_nano.a(libc_a-ungetc.o)
                0x000000000800e7ac                __submore
 .text.memmove  0x000000000800e81c       0x34 C:/ST/STM32CubeIDE_1.13.0/STM32CubeIDE/plugins/com.st.stm32cube.ide.mcu.externaltools.gnu-tools-for-stm32.11.3.rel1.win32_1.1.0.202305231506/tools/bin/../lib/gcc/arm-none-eabi/11.3.1/../../../../arm-none-eabi/lib/thumb/v7-m/nofp\libc_nano.a(libc_a-memmove.o)
                0x000000000800e81c                memmove
 .text._fstat_r
                0x000000000800e850       0x24 C:/ST/STM32CubeIDE_1.13.0/STM32CubeIDE/plugins/com.st.stm32cube.ide.mcu.externaltools.gnu-tools-for-stm32.11.3.rel1.win32_1.1.0.202305231506/tools/bin/../lib/gcc/arm-none-eabi/11.3.1/../../../../arm-none-eabi/lib/thumb/v7-m/nofp\libc_nano.a(libc_a-fstatr.o)
                0x000000000800e850                _fstat_r
 .text._isatty_r
                0x000000000800e874       0x20 C:/ST/STM32CubeIDE_1.13.0/STM32CubeIDE/plugins/com.st.stm32cube.ide.mcu.externaltools.gnu-tools-for-stm32.11.3.rel1.win32_1.1.0.202305231506/tools/bin/../lib/gcc/arm-none-eabi/11.3.1/../../../../arm-none-eabi/lib/thumb/v7-m/nofp\libc_nano.a(libc_a-isattyr.o)
                0x000000000800e874                _isatty_r
 .text.__assert_func
                0x000000000800e894       0x3c C:/ST/STM32CubeIDE_1.13.0/STM32CubeIDE/plugins/com.st.stm32cube.ide.mcu.externaltools.gnu-tools-for-stm32.11.3.rel1.win32_1.1.0.202305231506/tools/bin/../lib/gcc/arm-none-eabi/11.3.1/../../../../arm-none-eabi/lib/thumb/v7-m/nofp\libc_nano.a(libc_a-assert.o)
                0x000000000800e894                __assert_func
 .text._calloc_r
                0x000000000800e8d0       0x28 C:/ST/STM32CubeIDE_1.13.0/STM32CubeIDE/plugins/com.st.stm32cube.ide.mcu.externaltools.gnu-tools-for-stm32.11.3.rel1.win32_1.1.0.202305231506/tools/bin/../lib/gcc/arm-none-eabi/11.3.1/../../../../arm-none-eabi/lib/thumb/v7-m/nofp\libc_nano.a(libc_a-callocr.o)
                0x000000000800e8d0                _calloc_r
 .text._strtoul_l.constprop.0
                0x000000000800e8f8       0xe4 C:/ST/STM32CubeIDE_1.13.0/STM32CubeIDE/plugins/com.st.stm32cube.ide.mcu.externaltools.gnu-tools-for-stm32.11.3.rel1.win32_1.1.0.202305231506/tools/bin/../lib/gcc/arm-none-eabi/11.3.1/../../../../arm-none-eabi/lib/thumb/v7-m/nofp\libc_nano.a(libc_a-strtoul.o)
 .text._strtoul_r
                0x000000000800e9dc        0x4 C:/ST/STM32CubeIDE_1.13.0/STM32CubeIDE/plugins/com.st.stm32cube.ide.mcu.externaltools.gnu-tools-for-stm32.11.3.rel1.win32_1.1.0.202305231506/tools/bin/../lib/gcc/arm-none-eabi/11.3.1/../../../../arm-none-eabi/lib/thumb/v7-m/nofp\libc_nano.a(libc_a-strtoul.o)
                0x000000000800e9dc                _strtoul_r
 .text.fprintf  0x000000000800e9e0       0x24 C:/ST/STM32CubeIDE_1.13.0/STM32CubeIDE/plugins/com.st.stm32cube.ide.mcu.externaltools.gnu-tools-for-stm32.11.3.rel1.win32_1.1.0.202305231506/tools/bin/../lib/gcc/arm-none-eabi/11.3.1/../../../../arm-none-eabi/lib/thumb/v7-m/nofp\libc_nano.a(libc_a-fprintf.o)
                0x000000000800e9e0                fiprintf
                0x000000000800e9e0                fprintf
 .text.abort    0x000000000800ea04        0xe C:/ST/STM32CubeIDE_1.13.0/STM32CubeIDE/plugins/com.st.stm32cube.ide.mcu.externaltools.gnu-tools-for-stm32.11.3.rel1.win32_1.1.0.202305231506/tools/bin/../lib/gcc/arm-none-eabi/11.3.1/../../../../arm-none-eabi/lib/thumb/v7-m/nofp\libc_nano.a(libc_a-abort.o)
                0x000000000800ea04                abort
 .text._raise_r
                0x000000000800ea12       0x50 C:/ST/STM32CubeIDE_1.13.0/STM32CubeIDE/plugins/com.st.stm32cube.ide.mcu.externaltools.gnu-tools-for-stm32.11.3.rel1.win32_1.1.0.202305231506/tools/bin/../lib/gcc/arm-none-eabi/11.3.1/../../../../arm-none-eabi/lib/thumb/v7-m/nofp\libc_nano.a(libc_a-signal.o)
                0x000000000800ea12                _raise_r
 *fill*         0x000000000800ea62        0x2 
 .text.raise    0x000000000800ea64       0x10 C:/ST/STM32CubeIDE_1.13.0/STM32CubeIDE/plugins/com.st.stm32cube.ide.mcu.externaltools.gnu-tools-for-stm32.11.3.rel1.win32_1.1.0.202305231506/tools/bin/../lib/gcc/arm-none-eabi/11.3.1/../../../../arm-none-eabi/lib/thumb/v7-m/nofp\libc_nano.a(libc_a-signal.o)
                0x000000000800ea64                raise
 .text._kill_r  0x000000000800ea74       0x24 C:/ST/STM32CubeIDE_1.13.0/STM32CubeIDE/plugins/com.st.stm32cube.ide.mcu.externaltools.gnu-tools-for-stm32.11.3.rel1.win32_1.1.0.202305231506/tools/bin/../lib/gcc/arm-none-eabi/11.3.1/../../../../arm-none-eabi/lib/thumb/v7-m/nofp\libc_nano.a(libc_a-signalr.o)
                0x000000000800ea74                _kill_r
 .text._getpid_r