08:55:53 **** Incremental Build of configuration Debug for project IOT ****
make -j16 all 
arm-none-eabi-gcc "../Core/Src/main.c" -mcpu=cortex-m3 -std=gnu11 -g3 -DDEBUG -DUSE_HAL_DRIVER -DSTM32F103xB -DUSE_FULL_LL_DRIVER -c -I../Core/Inc -I../Drivers/STM32F1xx_HAL_Driver/Inc/Legacy -I../Drivers/STM32F1xx_HAL_Driver/Inc -I../Drivers/CMSIS/Device/ST/STM32F1xx/Include -I../Drivers/CMSIS/Include -I"P:/YuzGuard/1_MicroController/IOT/Core/Inc/Libraries" -I"P:/YuzGuard/1_MicroController/IOT/Core/Inc/Libraries/AHT20" -I"P:/YuzGuard/1_MicroController/IOT/Core/Inc/Libraries/cJSON" -I"P:/YuzGuard/1_MicroController/IOT/Core/Inc/Libraries/DNS" -I"P:/YuzGuard/1_MicroController/IOT/Core/Inc/Libraries/SNTP" -I"P:/YuzGuard/1_MicroController/IOT/Core/Inc/Libraries/W5500" -I"P:/YuzGuard/1_MicroController/IOT/Core/Inc/Libraries/RTC_CONF" -I"P:/YuzGuard/1_MicroController/IOT/Core/Inc/Libraries/HTTP" -O0 -ffunction-sections -fdata-sections -Wall -fstack-usage -fcyclomatic-complexity -MMD -MP -MF"Core/Src/main.d" -MT"Core/Src/main.o" --specs=nano.specs -mfloat-abi=soft -mthumb -o "Core/Src/main.o"
arm-none-eabi-gcc "../Core/Inc/Libraries/HTTP/HTTP.c" -mcpu=cortex-m3 -std=gnu11 -g3 -DDEBUG -DUSE_HAL_DRIVER -DSTM32F103xB -DUSE_FULL_LL_DRIVER -c -I../Core/Inc -I../Drivers/STM32F1xx_HAL_Driver/Inc/Legacy -I../Drivers/STM32F1xx_HAL_Driver/Inc -I../Drivers/CMSIS/Device/ST/STM32F1xx/Include -I../Drivers/CMSIS/Include -I"P:/YuzGuard/1_MicroController/IOT/Core/Inc/Libraries" -I"P:/YuzGuard/1_MicroController/IOT/Core/Inc/Libraries/AHT20" -I"P:/YuzGuard/1_MicroController/IOT/Core/Inc/Libraries/cJSON" -I"P:/YuzGuard/1_MicroController/IOT/Core/Inc/Libraries/DNS" -I"P:/YuzGuard/1_MicroController/IOT/Core/Inc/Libraries/SNTP" -I"P:/YuzGuard/1_MicroController/IOT/Core/Inc/Libraries/W5500" -I"P:/YuzGuard/1_MicroController/IOT/Core/Inc/Libraries/RTC_CONF" -I"P:/YuzGuard/1_MicroController/IOT/Core/Inc/Libraries/HTTP" -O0 -ffunction-sections -fdata-sections -Wall -fstack-usage -fcyclomatic-complexity -MMD -MP -MF"Core/Inc/Libraries/HTTP/HTTP.d" -MT"Core/Inc/Libraries/HTTP/HTTP.o" --specs=nano.specs -mfloat-abi=soft -mthumb -o "Core/Inc/Libraries/HTTP/HTTP.o"
arm-none-eabi-gcc -o "IOT.elf" @"objects.list"   -mcpu=cortex-m3 -T"P:\YuzGuard\1_MicroController\IOT\STM32F103CBTX_FLASH.ld" --specs=nosys.specs -Wl,-Map="IOT.map" -Wl,--gc-sections -static --specs=nano.specs -mfloat-abi=soft -mthumb -u _printf_float -u _scanf_float -Wl,--start-group -lc -lm -Wl,--end-group
Finished building target: IOT.elf
 
arm-none-eabi-size   IOT.elf 
arm-none-eabi-objdump -h -S  IOT.elf  > "IOT.list"
arm-none-eabi-objcopy  -O ihex  IOT.elf  "IOT.hex"
arm-none-eabi-objcopy  -O binary  IOT.elf  "IOT.bin"
   text	   data	    bss	    dec	    hex	filename
  62988	    560	   3760	  67308	  106ec	IOT.elf
Finished building: default.size.stdout
 
Finished building: IOT.hex
Finished building: IOT.bin
 
 
Finished building: IOT.list
 
